Archive member included to satisfy reference by file (symbol)

c:/program files (x86)/atmel/studio/7.0/toolchain/avr8/avr8-gnu-toolchain/bin/../lib/gcc/avr/5.4.0/../../../../avr/lib/avrxmega3\libm.a(cmpsf2.o)
                              winc/bsp/source/nm_bsp_mega.o (__ltsf2)
c:/program files (x86)/atmel/studio/7.0/toolchain/avr8/avr8-gnu-toolchain/bin/../lib/gcc/avr/5.4.0/../../../../avr/lib/avrxmega3\libm.a(fixunssfsi.o)
                              winc/bsp/source/nm_bsp_mega.o (__fixunssfsi)
c:/program files (x86)/atmel/studio/7.0/toolchain/avr8/avr8-gnu-toolchain/bin/../lib/gcc/avr/5.4.0/../../../../avr/lib/avrxmega3\libm.a(fp_cmp.o)
                              c:/program files (x86)/atmel/studio/7.0/toolchain/avr8/avr8-gnu-toolchain/bin/../lib/gcc/avr/5.4.0/../../../../avr/lib/avrxmega3\libm.a(cmpsf2.o) (__fp_cmp)
c:/program files (x86)/atmel/studio/7.0/toolchain/avr8/avr8-gnu-toolchain/bin/../lib/gcc/avr/5.4.0/../../../../avr/lib/avrxmega3\libm.a(fp_split3.o)
                              c:/program files (x86)/atmel/studio/7.0/toolchain/avr8/avr8-gnu-toolchain/bin/../lib/gcc/avr/5.4.0/../../../../avr/lib/avrxmega3\libm.a(fixunssfsi.o) (__fp_splitA)
c:/program files (x86)/atmel/studio/7.0/toolchain/avr8/avr8-gnu-toolchain/bin/../lib/gcc/avr/5.4.0/../../../../avr/lib/avrxmega3\libm.a(fp_zero.o)
                              c:/program files (x86)/atmel/studio/7.0/toolchain/avr8/avr8-gnu-toolchain/bin/../lib/gcc/avr/5.4.0/../../../../avr/lib/avrxmega3\libm.a(fixunssfsi.o) (__fp_zero)
c:/program files (x86)/atmel/studio/7.0/toolchain/avr8/avr8-gnu-toolchain/bin/../lib/gcc/avr/5.4.0/../../../../avr/lib/avrxmega3\libm.a(gesf2.o)
                              winc/bsp/source/nm_bsp_mega.o (__gtsf2)
c:/program files (x86)/atmel/studio/7.0/toolchain/avr8/avr8-gnu-toolchain/bin/../lib/gcc/avr/5.4.0/../../../../avr/lib/avrxmega3\libm.a(mulsf3.o)
                              winc/bsp/source/nm_bsp_mega.o (__mulsf3)
c:/program files (x86)/atmel/studio/7.0/toolchain/avr8/avr8-gnu-toolchain/bin/../lib/gcc/avr/5.4.0/../../../../avr/lib/avrxmega3\libm.a(mulsf3x.o)
                              c:/program files (x86)/atmel/studio/7.0/toolchain/avr8/avr8-gnu-toolchain/bin/../lib/gcc/avr/5.4.0/../../../../avr/lib/avrxmega3\libm.a(mulsf3.o) (__mulsf3x)
c:/program files (x86)/atmel/studio/7.0/toolchain/avr8/avr8-gnu-toolchain/bin/../lib/gcc/avr/5.4.0/../../../../avr/lib/avrxmega3\libm.a(fp_inf.o)
                              c:/program files (x86)/atmel/studio/7.0/toolchain/avr8/avr8-gnu-toolchain/bin/../lib/gcc/avr/5.4.0/../../../../avr/lib/avrxmega3\libm.a(mulsf3x.o) (__fp_inf)
c:/program files (x86)/atmel/studio/7.0/toolchain/avr8/avr8-gnu-toolchain/bin/../lib/gcc/avr/5.4.0/../../../../avr/lib/avrxmega3\libm.a(fp_nan.o)
                              c:/program files (x86)/atmel/studio/7.0/toolchain/avr8/avr8-gnu-toolchain/bin/../lib/gcc/avr/5.4.0/../../../../avr/lib/avrxmega3\libm.a(mulsf3x.o) (__fp_nan)
c:/program files (x86)/atmel/studio/7.0/toolchain/avr8/avr8-gnu-toolchain/bin/../lib/gcc/avr/5.4.0/../../../../avr/lib/avrxmega3\libm.a(fp_pscA.o)
                              c:/program files (x86)/atmel/studio/7.0/toolchain/avr8/avr8-gnu-toolchain/bin/../lib/gcc/avr/5.4.0/../../../../avr/lib/avrxmega3\libm.a(mulsf3x.o) (__fp_pscA)
c:/program files (x86)/atmel/studio/7.0/toolchain/avr8/avr8-gnu-toolchain/bin/../lib/gcc/avr/5.4.0/../../../../avr/lib/avrxmega3\libm.a(fp_pscB.o)
                              c:/program files (x86)/atmel/studio/7.0/toolchain/avr8/avr8-gnu-toolchain/bin/../lib/gcc/avr/5.4.0/../../../../avr/lib/avrxmega3\libm.a(mulsf3x.o) (__fp_pscB)
c:/program files (x86)/atmel/studio/7.0/toolchain/avr8/avr8-gnu-toolchain/bin/../lib/gcc/avr/5.4.0/../../../../avr/lib/avrxmega3\libm.a(fp_round.o)
                              c:/program files (x86)/atmel/studio/7.0/toolchain/avr8/avr8-gnu-toolchain/bin/../lib/gcc/avr/5.4.0/../../../../avr/lib/avrxmega3\libm.a(mulsf3.o) (__fp_round)
c:/program files (x86)/atmel/studio/7.0/toolchain/avr8/avr8-gnu-toolchain/bin/../lib/gcc/avr/5.4.0/avrxmega3\libgcc.a(_divmodhi4.o)
                              winc/socket/source/socket.o (__divmodhi4)
c:/program files (x86)/atmel/studio/7.0/toolchain/avr8/avr8-gnu-toolchain/bin/../lib/gcc/avr/5.4.0/avrxmega3\libgcc.a(_udivmodsi4.o)
                              winc/spi_flash/source/spi_flash.o (__udivmodsi4)
c:/program files (x86)/atmel/studio/7.0/toolchain/avr8/avr8-gnu-toolchain/bin/../lib/gcc/avr/5.4.0/avrxmega3\libgcc.a(_exit.o)
                              C:/Program Files (x86)/Atmel/Studio/7.0/Packs/Atmel/ATmega_DFP/1.2.209/gcc/dev/atmega4809/avrxmega3/crtatmega4809.o (exit)
c:/program files (x86)/atmel/studio/7.0/toolchain/avr8/avr8-gnu-toolchain/bin/../lib/gcc/avr/5.4.0/avrxmega3\libgcc.a(_tablejump2.o)
                              winc/driver/source/m2m_hif.o (__tablejump2__)
c:/program files (x86)/atmel/studio/7.0/toolchain/avr8/avr8-gnu-toolchain/bin/../lib/gcc/avr/5.4.0/avrxmega3\libgcc.a(_copy_data.o)
[...]
Memory Configuration

Name             Origin             Length             Attributes
text             0x00000000         0x00100000         xr
data             0x00802000         0x0000ffa0         rw !x
eeprom           0x00810000         0x00010000         rw !x
fuse             0x00820000         0x00000009         rw !x
lock             0x00830000         0x00000400         rw !x
signature        0x00840000         0x00000400         rw !x
user_signatures  0x00850000         0x00000400         rw !x
*default*        0x00000000         0xffffffff

Linker script and memory map

Address of section .data set to 0x802800
                0x00004000                __RODATA_PM_OFFSET__ = 0x4000
LOAD C:/Program Files (x86)/Atmel/Studio/7.0/Packs/Atmel/ATmega_DFP/1.2.209/gcc/dev/atmega4809/avrxmega3/crtatmega4809.o
LOAD atmel_start.o
LOAD winc_init.o
LOAD driver_isr.o
LOAD examples/src/spi_basic_example.o
LOAD examples/src/timeout_example.o
LOAD examples/src/usart_basic_example.o
LOAD main.o
LOAD src/bod.o
LOAD src/clkctrl.o
LOAD src/cpuint.o
LOAD src/driver_init.o
LOAD src/fingerprint.o
LOAD src/http.o
LOAD src/protected_io.o
LOAD src/slpctrl.o
LOAD src/spi_basic.o
LOAD src/timeout.o
LOAD src/usart_basic.o
LOAD winc/bsp/source/nm_bsp_mega.o
LOAD winc/bus_wrapper/source/nm_bus_wrapper_mega.o
LOAD winc/common/source/nm_common.o
LOAD winc/driver/source/m2m_ate_mode.o
LOAD winc/driver/source/m2m_crypto.o
LOAD winc/driver/source/m2m_hif.o
LOAD winc/driver/source/m2m_ota.o
LOAD winc/driver/source/m2m_periph.o
LOAD winc/driver/source/m2m_ssl.o
LOAD winc/driver/source/m2m_wifi.o
LOAD winc/driver/source/nmasic.o
LOAD winc/driver/source/nmbus.o
LOAD winc/driver/source/nmdrv.o
LOAD winc/driver/source/nmi2c.o
LOAD winc/driver/source/nmspi.o
LOAD winc/driver/source/nmuart.o
LOAD winc/socket/source/socket.o
LOAD winc/spi_flash/source/spi_flash.o
START GROUP
LOAD c:/program files (x86)/atmel/studio/7.0/toolchain/avr8/avr8-gnu-toolchain/bin/../lib/gcc/avr/5.4.0/../../../../avr/lib/avrxmega3\libm.a
END GROUP
START GROUP
LOAD c:/program files (x86)/atmel/studio/7.0/toolchain/avr8/avr8-gnu-toolchain/bin/../lib/gcc/avr/5.4.0/avrxmega3\libgcc.a
LOAD c:/program files (x86)/atmel/studio/7.0/toolchain/avr8/avr8-gnu-toolchain/bin/../lib/gcc/avr/5.4.0/../../../../avr/lib/avrxmega3\libm.a
LOAD c:/program files (x86)/atmel/studio/7.0/toolchain/avr8/avr8-gnu-toolchain/bin/../lib/gcc/avr/5.4.0/../../../../avr/lib/avrxmega3\libc.a
LOAD C:/Program Files (x86)/Atmel/Studio/7.0/Packs/Atmel/ATmega_DFP/1.2.209/gcc/dev/atmega4809/avrxmega3\libatmega4809.a
END GROUP
                0x00100000                __TEXT_REGION_LENGTH__ = DEFINED (__TEXT_REGION_LENGTH__)?__TEXT_REGION_LENGTH__:0x100000
                0x0000ffa0                __DATA_REGION_LENGTH__ = DEFINED (__DATA_REGION_LENGTH__)?__DATA_REGION_LENGTH__:0xffa0
                0x00010000                __EEPROM_REGION_LENGTH__ = DEFINED (__EEPROM_REGION_LENGTH__)?__EEPROM_REGION_LENGTH__:0x10000
                [0x00000009]                __FUSE_REGION_LENGTH__ = DEFINED (__FUSE_REGION_LENGTH__)?__FUSE_REGION_LENGTH__:0x400
                0x00000400                __LOCK_REGION_LENGTH__ = DEFINED (__LOCK_REGION_LENGTH__)?__LOCK_REGION_LENGTH__:0x400
                0x00000400                __SIGNATURE_REGION_LENGTH__ = DEFINED (__SIGNATURE_REGION_LENGTH__)?__SIGNATURE_REGION_LENGTH__:0x400
                0x00000400                __USER_SIGNATURE_REGION_LENGTH__ = DEFINED (__USER_SIGNATURE_REGION_LENGTH__)?__USER_SIGNATURE_REGION_LENGTH__:0x400
                0x00008000                __RODATA_PM_OFFSET__ = DEFINED (__RODATA_PM_OFFSET__)?__RODATA_PM_OFFSET__:0x8000

.hash
 *(.hash)

.dynsym
 *(.dynsym)

.dynstr
 *(.dynstr)

.gnu.version
 *(.gnu.version)

.gnu.version_d
 *(.gnu.version_d)

.gnu.version_r
 *(.gnu.version_r)

.rel.init
 *(.rel.init)

.rela.init
 *(.rela.init)

.rel.text
 *(.rel.text)
 *(.rel.text.*)
 *(.rel.gnu.linkonce.t*)

.rela.text
 *(.rela.text)
 *(.rela.text.*)
 *(.rela.gnu.linkonce.t*)

.rel.fini
 *(.rel.fini)

.rela.fini
 *(.rela.fini)

.rel.rodata
 *(.rel.rodata)
 *(.rel.rodata.*)
 *(.rel.gnu.linkonce.r*)

.rela.rodata
 *(.rela.rodata)
 *(.rela.rodata.*)
 *(.rela.gnu.linkonce.r*)

.rel.data
 *(.rel.data)
 *(.rel.data.*)
 *(.rel.gnu.linkonce.d*)

.rela.data
 *(.rela.data)
 *(.rela.data.*)
 *(.rela.gnu.linkonce.d*)

.rel.ctors
 *(.rel.ctors)

.rela.ctors
 *(.rela.ctors)

.rel.dtors
 *(.rel.dtors)

.rela.dtors
 *(.rela.dtors)

.rel.got
 *(.rel.got)

.rela.got
 *(.rela.got)

.rel.bss
 *(.rel.bss)

.rela.bss
 *(.rela.bss)

.rel.plt
 *(.rel.plt)

.rela.plt
 *(.rela.plt)

.text           0x00000000     0x7556
 *(.vectors)
 .vectors       0x00000000       0xa0 C:/Program Files (x86)/Atmel/Studio/7.0/Packs/Atmel/ATmega_DFP/1.2.209/gcc/dev/atmega4809/avrxmega3/crtatmega4809.o
                0x00000000                __vector_default
                0x00000000                __vectors
 *(.vectors)
 *(.progmem.gcc*)
 .progmem.gcc_sw_table.hif_register_cb
                0x000000a0        0xe winc/driver/source/m2m_hif.o
 .progmem.gcc_sw_table.spi_cmd
                0x000000ae       0x1e winc/driver/source/nmspi.o
                0x000000cc                . = ALIGN (0x2)
                0x000000cc                __trampolines_start = .
 *(.trampolines)
 .trampolines   0x000000cc        0x0 linker stubs
 *(.trampolines*)
                0x000000cc                __trampolines_end = .
 *libprintf_flt.a:*(.progmem.data)
 *libc.a:*(.progmem.data)
 *(.progmem*)
 .progmem.data.crc7_syndrome_table
                0x000000cc      0x100 winc/driver/source/nmspi.o
                0x000001cc                . = ALIGN (0x2)
 *(.jumptables)
 *(.jumptables*)
 *(.lowtext)
 *(.lowtext*)
                0x000001cc                __ctors_start = .
 *(.ctors)
                0x000001cc                __ctors_end = .
                0x000001cc                __dtors_start = .
 *(.dtors)
                0x000001cc                __dtors_end = .
 SORT(*)(.ctors)
 SORT(*)(.dtors)
 *(.init0)
 .init0         0x000001cc        0x0 C:/Program Files (x86)/Atmel/Studio/7.0/Packs/Atmel/ATmega_DFP/1.2.209/gcc/dev/atmega4809/avrxmega3/crtatmega4809.o
                0x000001cc                __init
 *(.init0)
 *(.init1)
 *(.init1)
 *(.init2)
 .init2         0x000001cc        0xc C:/Program Files (x86)/Atmel/Studio/7.0/Packs/Atmel/ATmega_DFP/1.2.209/gcc/dev/atmega4809/avrxmega3/crtatmega4809.o
 *(.init2)
 *(.init3)
 *(.init3)
 *(.init4)
 .init4         0x000001d8       0x16 c:/program files (x86)/atmel/studio/7.0/toolchain/avr8/avr8-gnu-toolchain/bin/../lib/gcc/avr/5.4.0/avrxmega3\libgcc.a(_copy_data.o)
                0x000001d8                __do_copy_data
 .init4         0x000001ee       0x10 c:/program files (x86)/atmel/studio/7.0/toolchain/avr8/avr8-gnu-toolchain/bin/../lib/gcc/avr/5.4.0/avrxmega3\libgcc.a(_clear_bss.o)
                0x000001ee                __do_clear_bss
 *(.init4)
 *(.init5)
 *(.init5)
 *(.init6)
 *(.init6)
 *(.init7)
 *(.init7)
 *(.init8)
 *(.init8)
 *(.init9)
 .init9         0x000001fe        0x8 C:/Program Files (x86)/Atmel/Studio/7.0/Packs/Atmel/ATmega_DFP/1.2.209/gcc/dev/atmega4809/avrxmega3/crtatmega4809.o
 *(.init9)
 *(.text)
 .text          0x00000206        0x4 C:/Program Files (x86)/Atmel/Studio/7.0/Packs/Atmel/ATmega_DFP/1.2.209/gcc/dev/atmega4809/avrxmega3/crtatmega4809.o
                0x00000206                __vector_38
                0x00000206                __vector_22
                0x00000206                __vector_28
                0x00000206                __vector_1
                0x00000206                __vector_32
                0x00000206                __vector_34
                0x00000206                __vector_12
                0x00000206                __bad_interrupt
                0x00000206                __vector_6
                0x00000206                __vector_31
                0x00000206                __vector_35
                0x00000206                __vector_39
                0x00000206                __vector_23
                0x00000206                __vector_30
                0x00000206                __vector_25
                0x00000206                __vector_11
                0x00000206                __vector_13
                0x00000206                __vector_17
                0x00000206                __vector_19
                0x00000206                __vector_7
                0x00000206                __vector_27
                0x00000206                __vector_5
                0x00000206                __vector_33
                0x00000206                __vector_37
                0x00000206                __vector_4
                0x00000206                __vector_9
                0x00000206                __vector_2
                0x00000206                __vector_21
                0x00000206                __vector_15
                0x00000206                __vector_36
                0x00000206                __vector_29
                0x00000206                __vector_8
                0x00000206                __vector_26
                0x00000206                __vector_14
                0x00000206                __vector_10
                0x00000206                __vector_16
                0x00000206                __vector_18
                0x00000206                __vector_20
                0x0000020a                . = ALIGN (0x2)
 *(.text.*)
 .text.atmel_start_init
                0x0000020a       0x14 atmel_start.o
                0x0000020a                atmel_start_init
 .text.wifi_init
                0x0000021e       0x54 winc_init.o
                0x0000021e                wifi_init
 .text.usart_putchar_printf
                0x00000272       0x2a main.o
                0x00000272                usart_putchar_printf
 .text.socket_cb
                0x0000029c      0x21a main.o
 .text.wifi_cb  0x000004b6       0xf0 main.o
 .text.main     0x000005a6      0x170 main.o
                0x000005a6                main
 .text.BOD_init
                0x00000716       0x10 src/bod.o
                0x00000716                BOD_init
 .text.ccp_write_io
                0x00000726       0x2c src/clkctrl.o
 .text.CLKCTRL_init
                0x00000752       0x1a src/clkctrl.o
                0x00000752                CLKCTRL_init
 .text.CPUINT_init
                0x0000076c       0x10 src/cpuint.o
                0x0000076c                CPUINT_init
 .text.PORTA_set_pin_pull_mode
                0x0000077c       0x62 src/driver_init.o
 .text.PORTA_set_pin_dir
                0x000007de       0xa8 src/driver_init.o
 .text.PORTA_set_pin_level
                0x00000886       0x74 src/driver_init.o
 .text.PORTB_set_pin_pull_mode
                0x000008fa       0x62 src/driver_init.o
 .text.PORTB_set_pin_dir
                0x0000095c       0xa8 src/driver_init.o
 .text.PORTB_set_pin_level
                0x00000a04       0x74 src/driver_init.o
 .text.PORTC_set_pin_pull_mode
                0x00000a78       0x62 src/driver_init.o
 .text.PORTC_pin_set_inverted
                0x00000ada       0x5c src/driver_init.o
 .text.PORTC_pin_set_isc
                0x00000b36       0x46 src/driver_init.o
 .text.PORTC_set_pin_dir
                0x00000b7c       0xa8 src/driver_init.o
 .text.PORTC_set_pin_level
                0x00000c24       0x74 src/driver_init.o
 .text.CONF_WIFI_M2M_RESET_PIN_set_dir
                0x00000c98       0x1e src/driver_init.o
 .text.CONF_WIFI_M2M_RESET_PIN_set_level
                0x00000cb6       0x1e src/driver_init.o
 .text.CONF_WIFI_M2M_WAKE_PIN_set_dir
                0x00000cd4       0x1e src/driver_init.o
 .text.CONF_WIFI_M2M_WAKE_PIN_set_level
                0x00000cf2       0x1e src/driver_init.o
 .text.CONF_WIFI_M2M_SPI_MOSI_PIN_set_dir
                0x00000d10       0x1e src/driver_init.o
 .text.CONF_WIFI_M2M_SPI_MOSI_PIN_set_level
                0x00000d2e       0x1e src/driver_init.o
 .text.CONF_WIFI_M2M_SPI_MISO_PIN_set_pull_mode
                0x00000d4c       0x1e src/driver_init.o
 .text.CONF_WIFI_M2M_SPI_MISO_PIN_set_dir
                0x00000d6a       0x1e src/driver_init.o
 .text.CONF_WIFI_M2M_SPI_SCK_PIN_set_dir
                0x00000d88       0x1e src/driver_init.o
 .text.CONF_WIFI_M2M_SPI_SCK_PIN_set_level
                0x00000da6       0x1e src/driver_init.o
 .text.CONF_WIFI_M2M_SPI_CS_PIN_set_dir
                0x00000dc4       0x1e src/driver_init.o
 .text.CONF_WIFI_M2M_SPI_CS_PIN_set_level
                0x00000de2       0x1e src/driver_init.o
 .text.SW0_set_pull_mode
                0x00000e00       0x1e src/driver_init.o
 .text.SW0_set_dir
                0x00000e1e       0x1e src/driver_init.o
 .text.LED0_set_dir
                0x00000e3c       0x1e src/driver_init.o
 .text.LED0_set_level
                0x00000e5a       0x1e src/driver_init.o
 .text.PC0_set_dir
                0x00000e78       0x1e src/driver_init.o
 .text.PC0_set_level
                0x00000e96       0x1e src/driver_init.o
 .text.PC1_set_pull_mode
                0x00000eb4       0x1e src/driver_init.o
 .text.PC1_set_dir
                0x00000ed2       0x1e src/driver_init.o
 .text.CONF_WIFI_M2M_INT_PIN_set_pull_mode
                0x00000ef0       0x1e src/driver_init.o
 .text.CONF_WIFI_M2M_INT_PIN_set_dir
                0x00000f0e       0x1e src/driver_init.o
 .text.CONF_WIFI_M2M_INT_PIN_set_isc
                0x00000f2c       0x1e src/driver_init.o
 .text.CONF_WIFI_M2M_INT_PIN_set_inverted
                0x00000f4a       0x1e src/driver_init.o
 .text.CONF_WIFI_M2M_INT_PIN_set_level
                0x00000f68       0x1e src/driver_init.o
 .text.CONF_WIFI_M2M_CHIP_ENABLE_PIN_set_dir
                0x00000f86       0x1e src/driver_init.o
 .text.CONF_WIFI_M2M_CHIP_ENABLE_PIN_set_level
                0x00000fa4       0x1e src/driver_init.o
 .text.mcu_init
                0x00000fc2      0x130 src/driver_init.o
                0x00000fc2                mcu_init
 .text.USART_0_initialization
                0x000010f2       0x2c src/driver_init.o
                0x000010f2                USART_0_initialization
 .text.SPI_0_initialization
                0x0000111e       0x38 src/driver_init.o
                0x0000111e                SPI_0_initialization
 .text.system_init
                0x00001156       0x9e src/driver_init.o
                0x00001156                system_init
 .text.protected_write_io
                0x000011f4        0xa src/protected_io.o
                0x000011f4                protected_write_io
 .text.SLPCTRL_init
                0x000011fe       0x10 src/slpctrl.o
                0x000011fe                SLPCTRL_init
 .text.SPI_0_init
                0x0000120e       0x1e src/spi_basic.o
                0x0000120e                SPI_0_init
 .text.SPI_0_enable
                0x0000122c       0x22 src/spi_basic.o
                0x0000122c                SPI_0_enable
 .text.SPI_0_exchange_byte
                0x0000124e       0x3e src/spi_basic.o
                0x0000124e                SPI_0_exchange_byte
 .text.scheduler_dummy_handler
                0x0000128c       0x22 src/timeout.o
                0x0000128c                scheduler_dummy_handler
 .text.scheduler_timeout_init
                0x000012ae       0x3c src/timeout.o
                0x000012ae                scheduler_timeout_init
 .text.scheduler_stop_timeouts
                0x000012ea       0x36 src/timeout.o
                0x000012ea                scheduler_stop_timeouts
 .text.scheduler_set_timer_duration
                0x00001320       0x92 src/timeout.o
                0x00001320                scheduler_set_timer_duration
 .text.scheduler_start_timer_at_head
                0x000013b2      0x10c src/timeout.o
                0x000013b2                scheduler_start_timer_at_head
 .text.scheduler_enqueue_callback
                0x000014be       0x78 src/timeout.o
                0x000014be                scheduler_enqueue_callback
 .text.__vector_3
                0x00001536       0xd4 src/timeout.o
                0x00001536                __vector_3
 .text.USART_0_init
                0x0000160a       0x28 src/usart_basic.o
                0x0000160a                USART_0_init
 .text.USART_1_write
                0x00001632       0x36 src/usart_basic.o
                0x00001632                USART_1_write
 .text.PORTA_set_pin_dir
                0x00001668       0xa8 winc/bsp/source/nm_bsp_mega.o
 .text.PORTA_set_pin_level
                0x00001710       0x74 winc/bsp/source/nm_bsp_mega.o
 .text.PORTC_set_pin_pull_mode
                0x00001784       0x62 winc/bsp/source/nm_bsp_mega.o
 .text.PORTC_pin_set_isc
                0x000017e6       0x46 winc/bsp/source/nm_bsp_mega.o
 .text.PORTC_set_pin_dir
                0x0000182c       0xa8 winc/bsp/source/nm_bsp_mega.o
 .text.PORTC_set_pin_level
                0x000018d4       0x74 winc/bsp/source/nm_bsp_mega.o
 .text.PORTC_get_pin_level
                0x00001948       0x42 winc/bsp/source/nm_bsp_mega.o
 .text.CONF_WIFI_M2M_RESET_PIN_set_dir
                0x0000198a       0x1e winc/bsp/source/nm_bsp_mega.o
 .text.CONF_WIFI_M2M_RESET_PIN_set_level
                0x000019a8       0x1e winc/bsp/source/nm_bsp_mega.o
 .text.CONF_WIFI_M2M_WAKE_PIN_set_dir
                0x000019c6       0x1e winc/bsp/source/nm_bsp_mega.o
 .text.CONF_WIFI_M2M_INT_PIN_set_pull_mode
                0x000019e4       0x1e winc/bsp/source/nm_bsp_mega.o
 .text.CONF_WIFI_M2M_INT_PIN_set_dir
                0x00001a02       0x1e winc/bsp/source/nm_bsp_mega.o
 .text.CONF_WIFI_M2M_INT_PIN_set_isc
                0x00001a20       0x1e winc/bsp/source/nm_bsp_mega.o
 .text.CONF_WIFI_M2M_INT_PIN_get_level
                0x00001a3e       0x14 winc/bsp/source/nm_bsp_mega.o
 .text.CONF_WIFI_M2M_CHIP_ENABLE_PIN_set_dir
                0x00001a52       0x1e winc/bsp/source/nm_bsp_mega.o
 .text.CONF_WIFI_M2M_CHIP_ENABLE_PIN_set_level
                0x00001a70       0x1e winc/bsp/source/nm_bsp_mega.o
 .text.__vector_24
                0x00001a8e       0x86 winc/bsp/source/nm_bsp_mega.o
                0x00001a8e                __vector_24
 .text.init_chip_pins
                0x00001b14       0x22 winc/bsp/source/nm_bsp_mega.o
 .text.nm_bsp_init
                0x00001b36       0x22 winc/bsp/source/nm_bsp_mega.o
                0x00001b36                nm_bsp_init
 .text.nm_bsp_reset
                0x00001b58       0x40 winc/bsp/source/nm_bsp_mega.o
                0x00001b58                nm_bsp_reset
 .text.nm_bsp_sleep
                0x00001b98      0x130 winc/bsp/source/nm_bsp_mega.o
                0x00001b98                nm_bsp_sleep
 .text.nm_bsp_register_isr
                0x00001cc8       0x40 winc/bsp/source/nm_bsp_mega.o
                0x00001cc8                nm_bsp_register_isr
 .text.nm_bsp_interrupt_ctrl
                0x00001d08       0x2a winc/bsp/source/nm_bsp_mega.o
                0x00001d08                nm_bsp_interrupt_ctrl
 .text.PORTA_set_pin_dir
                0x00001d32       0xa8 winc/bus_wrapper/source/nm_bus_wrapper_mega.o
 .text.PORTA_set_pin_level
                0x00001dda       0x74 winc/bus_wrapper/source/nm_bus_wrapper_mega.o
 .text.CONF_WIFI_M2M_SPI_MOSI_PIN_set_dir
                0x00001e4e       0x1e winc/bus_wrapper/source/nm_bus_wrapper_mega.o
 .text.CONF_WIFI_M2M_SPI_MOSI_PIN_set_level
                0x00001e6c       0x1e winc/bus_wrapper/source/nm_bus_wrapper_mega.o
 .text.CONF_WIFI_M2M_SPI_MISO_PIN_set_dir
                0x00001e8a       0x1e winc/bus_wrapper/source/nm_bus_wrapper_mega.o
 .text.CONF_WIFI_M2M_SPI_SCK_PIN_set_dir
                0x00001ea8       0x1e winc/bus_wrapper/source/nm_bus_wrapper_mega.o
 .text.CONF_WIFI_M2M_SPI_SCK_PIN_set_level
                0x00001ec6       0x1e winc/bus_wrapper/source/nm_bus_wrapper_mega.o
 .text.CONF_WIFI_M2M_SPI_CS_PIN_set_dir
                0x00001ee4       0x1e winc/bus_wrapper/source/nm_bus_wrapper_mega.o
 .text.CONF_WIFI_M2M_SPI_CS_PIN_set_level
                0x00001f02       0x1e winc/bus_wrapper/source/nm_bus_wrapper_mega.o
 .text.spi_rw   0x00001f20       0xcc winc/bus_wrapper/source/nm_bus_wrapper_mega.o
 .text.nm_bus_init
                0x00001fec       0x62 winc/bus_wrapper/source/nm_bus_wrapper_mega.o
                0x00001fec                nm_bus_init
 .text.nm_bus_ioctl
                0x0000204e       0x64 winc/bus_wrapper/source/nm_bus_wrapper_mega.o
                0x0000204e                nm_bus_ioctl
 .text.nm_bus_deinit
                0x000020b2       0x10 winc/bus_wrapper/source/nm_bus_wrapper_mega.o
                0x000020b2                nm_bus_deinit
 .text.m2m_memcpy
                0x000020c2       0x88 winc/common/source/nm_common.o
                0x000020c2                m2m_memcpy
 .text.m2m_memset
                0x0000214a       0x76 winc/common/source/nm_common.o
                0x0000214a                m2m_memset
 .text.m2m_strlen
                0x000021c0       0x46 winc/common/source/nm_common.o
                0x000021c0                m2m_strlen
 .text.isr      0x00002206       0x1a winc/driver/source/m2m_hif.o
 .text.hif_set_rx_done
                0x00002220       0x72 winc/driver/source/m2m_hif.o
 .text.m2m_hif_cb
                0x00002292       0x2a winc/driver/source/m2m_hif.o
 .text.hif_chip_wake
                0x000022bc       0x4c winc/driver/source/m2m_hif.o
                0x000022bc                hif_chip_wake
 .text.hif_chip_sleep_sc
                0x00002308       0x22 winc/driver/source/m2m_hif.o
                0x00002308                hif_chip_sleep_sc
 .text.hif_chip_sleep
                0x0000232a       0x3e winc/driver/source/m2m_hif.o
                0x0000232a                hif_chip_sleep
 .text.hif_init
                0x00002368       0x3e winc/driver/source/m2m_hif.o
                0x00002368                hif_init
 .text.hif_send
                0x000023a6      0x3f0 winc/driver/source/m2m_hif.o
                0x000023a6                hif_send
 .text.hif_isr  0x00002796      0x328 winc/driver/source/m2m_hif.o
 .text.hif_handle_isr
                0x00002abe       0x36 winc/driver/source/m2m_hif.o
                0x00002abe                hif_handle_isr
 .text.hif_receive
                0x00002af4      0x19a winc/driver/source/m2m_hif.o
                0x00002af4                hif_receive
 .text.hif_register_cb
                0x00002c8e       0xb4 winc/driver/source/m2m_hif.o
                0x00002c8e                hif_register_cb
 .text.m2m_wifi_cb
                0x00002d42      0x544 winc/driver/source/m2m_wifi.o
 .text.m2m_wifi_init
                0x00003286       0x8e winc/driver/source/m2m_wifi.o
                0x00003286                m2m_wifi_init
 .text.m2m_wifi_handle_events
                0x00003314       0x1c winc/driver/source/m2m_wifi.o
                0x00003314                m2m_wifi_handle_events
 .text.m2m_wifi_connect
                0x00003330       0x4e winc/driver/source/m2m_wifi.o
                0x00003330                m2m_wifi_connect
 .text.m2m_wifi_connect_sc
                0x0000337e      0x41a winc/driver/source/m2m_wifi.o
                0x0000337e                m2m_wifi_connect_sc
 .text.chip_apply_conf
                0x00003798       0xb4 winc/driver/source/nmasic.o
                0x00003798                chip_apply_conf
 .text.enable_interrupts
                0x0000384c       0xc4 winc/driver/source/nmasic.o
                0x0000384c                enable_interrupts
 .text.nmi_get_chipid
                0x00003910      0x1e0 winc/driver/source/nmasic.o
                0x00003910                nmi_get_chipid
 .text.chip_sleep
                0x00003af0      0x12a winc/driver/source/nmasic.o
                0x00003af0                chip_sleep
 .text.chip_wake
                0x00003c1a      0x16a winc/driver/source/nmasic.o
                0x00003c1a                chip_wake
 .text.wait_for_bootrom
                0x00003d84      0x20a winc/driver/source/nmasic.o
                0x00003d84                wait_for_bootrom
 .text.wait_for_firmware_start
                0x00003f8e      0x12a winc/driver/source/nmasic.o
                0x00003f8e                wait_for_firmware_start
 .text.chip_deinit
                0x000040b8       0x6e winc/driver/source/nmasic.o
                0x000040b8                chip_deinit
 .text.nm_bus_iface_init
                0x00004126       0x2a winc/driver/source/nmbus.o
                0x00004126                nm_bus_iface_init
 .text.nm_bus_iface_deinit
                0x00004150       0x1c winc/driver/source/nmbus.o
                0x00004150                nm_bus_iface_deinit
 .text.nm_bus_reset
                0x0000416c       0x18 winc/driver/source/nmbus.o
                0x0000416c                nm_bus_reset
 .text.nm_read_reg
                0x00004184       0x38 winc/driver/source/nmbus.o
                0x00004184                nm_read_reg
 .text.nm_read_reg_with_ret
                0x000041bc       0x3c winc/driver/source/nmbus.o
                0x000041bc                nm_read_reg_with_ret
 .text.nm_write_reg
                0x000041f8       0x42 winc/driver/source/nmbus.o
                0x000041f8                nm_write_reg
 .text.p_nm_read_block
                0x0000423a       0x42 winc/driver/source/nmbus.o
 .text.nm_read_block
                0x0000427c      0x144 winc/driver/source/nmbus.o
                0x0000427c                nm_read_block
 .text.p_nm_write_block
                0x000043c0       0x42 winc/driver/source/nmbus.o
 .text.nm_write_block
                0x00004402      0x144 winc/driver/source/nmbus.o
                0x00004402                nm_write_block
 .text.nm_get_firmware_full_info
                0x00004546      0x1f8 winc/driver/source/nmdrv.o
                0x00004546                nm_get_firmware_full_info
 .text.nm_drv_init
                0x0000473e       0xa6 winc/driver/source/nmdrv.o
                0x0000473e                nm_drv_init
 .text.nm_drv_deinit
                0x000047e4       0x54 winc/driver/source/nmdrv.o
                0x000047e4                nm_drv_deinit
 .text.nmi_spi_read
                0x00004838       0x42 winc/driver/source/nmspi.o
 .text.nmi_spi_write
                0x0000487a       0x42 winc/driver/source/nmspi.o
 .text.crc7_byte
                0x000048bc       0x48 winc/driver/source/nmspi.o
 .text.crc7     0x00004904       0x6c winc/driver/source/nmspi.o
 .text.spi_cmd  0x00004970      0x2d0 winc/driver/source/nmspi.o
 .text.spi_data_rsp
                0x00004c40       0x84 winc/driver/source/nmspi.o
 .text.spi_cmd_rsp
                0x00004cc4       0x9c winc/driver/source/nmspi.o
 .text.spi_data_read
                0x00004d60      0x116 winc/driver/source/nmspi.o
 .text.spi_data_write
                0x00004e76      0x106 winc/driver/source/nmspi.o
 .text.spi_write_reg
                0x00004f7c      0x100 winc/driver/source/nmspi.o
 .text.nm_spi_write
                0x0000507c      0x114 winc/driver/source/nmspi.o
 .text.spi_read_reg
                0x00005190      0x186 winc/driver/source/nmspi.o
 .text.nm_spi_read
                0x00005316      0x12e winc/driver/source/nmspi.o
 .text.spi_init_pkt_sz
                0x00005444       0x70 winc/driver/source/nmspi.o
 .text.nm_spi_reset
                0x000054b4       0x4c winc/driver/source/nmspi.o
                0x000054b4                nm_spi_reset
 .text.nm_spi_init
                0x00005500       0xe0 winc/driver/source/nmspi.o
                0x00005500                nm_spi_init
 .text.nm_spi_deinit
                0x000055e0       0x14 winc/driver/source/nmspi.o
                0x000055e0                nm_spi_deinit
 .text.nm_spi_read_reg
                0x000055f4       0x46 winc/driver/source/nmspi.o
                0x000055f4                nm_spi_read_reg
 .text.nm_spi_read_reg_with_ret
                0x0000563a       0x4e winc/driver/source/nmspi.o
                0x0000563a                nm_spi_read_reg_with_ret
 .text.nm_spi_write_reg
                0x00005688       0x54 winc/driver/source/nmspi.o
                0x00005688                nm_spi_write_reg
 .text.nm_spi_read_block
                0x000056dc       0x54 winc/driver/source/nmspi.o
                0x000056dc                nm_spi_read_block
 .text.nm_spi_write_block
                0x00005730       0x54 winc/driver/source/nmspi.o
                0x00005730                nm_spi_write_block
 .text.Socket_ReadSocketData
                0x00005784      0x26a winc/socket/source/socket.o
                0x00005784                Socket_ReadSocketData
 .text.m2m_ip_cb
                0x000059ee      0x788 winc/socket/source/socket.o
 .text.socketInit
                0x00006176       0x42 winc/socket/source/socket.o
                0x00006176                socketInit
 .text.registerSocketCallback
                0x000061b8       0x3a winc/socket/source/socket.o
                0x000061b8                registerSocketCallback
 .text.socket   0x000061f2      0x1c4 winc/socket/source/socket.o
                0x000061f2                socket
 .text.bind     0x000063b6      0x110 winc/socket/source/socket.o
                0x000063b6                bind
 .text.listen   0x000064c6       0xb6 winc/socket/source/socket.o
                0x000064c6                listen
 .text.accept   0x0000657c       0x52 winc/socket/source/socket.o
                0x0000657c                accept
 .text.send     0x000065ce      0x166 winc/socket/source/socket.o
                0x000065ce                send
 .text.recv     0x00006734      0x1d4 winc/socket/source/socket.o
                0x00006734                recv
 .text.close    0x00006908      0x144 winc/socket/source/socket.o
                0x00006908                close
 .text.spi_flash_enter_low_power_mode
                0x00006a4c       0xb4 winc/spi_flash/source/spi_flash.o
 .text.spi_flash_leave_low_power_mode
                0x00006b00       0xb4 winc/spi_flash/source/spi_flash.o
 .text.spi_flash_enable
                0x00006bb4       0xee winc/spi_flash/source/spi_flash.o
                0x00006bb4                spi_flash_enable
 .text.avr-libc.fplib
                0x00006ca2        0xa c:/program files (x86)/atmel/studio/7.0/toolchain/avr8/avr8-gnu-toolchain/bin/../lib/gcc/avr/5.4.0/../../../../avr/lib/avrxmega3\libm.a(cmpsf2.o)
                0x00006ca2                __nesf2
                0x00006ca2                __eqsf2
                0x00006ca2                __cmpsf2
                0x00006ca2                __ltsf2
                0x00006ca2                __lesf2
 .text.avr-libc.fplib
                0x00006cac       0x5e c:/program files (x86)/atmel/studio/7.0/toolchain/avr8/avr8-gnu-toolchain/bin/../lib/gcc/avr/5.4.0/../../../../avr/lib/avrxmega3\libm.a(fixunssfsi.o)
                0x00006cac                __fixunssfsi
 .text.avr-libc.fplib
                0x00006d0a       0x48 c:/program files (x86)/atmel/studio/7.0/toolchain/avr8/avr8-gnu-toolchain/bin/../lib/gcc/avr/5.4.0/../../../../avr/lib/avrxmega3\libm.a(fp_cmp.o)
                0x00006d0a                __fp_cmp
 .text.avr-libc.fplib
                0x00006d52       0x44 c:/program files (x86)/atmel/studio/7.0/toolchain/avr8/avr8-gnu-toolchain/bin/../lib/gcc/avr/5.4.0/../../../../avr/lib/avrxmega3\libm.a(fp_split3.o)
                0x00006d52                __fp_split3
                0x00006d62                __fp_splitA
 .text.avr-libc.fplib
                0x00006d96        0xe c:/program files (x86)/atmel/studio/7.0/toolchain/avr8/avr8-gnu-toolchain/bin/../lib/gcc/avr/5.4.0/../../../../avr/lib/avrxmega3\libm.a(fp_zero.o)
                0x00006d96                __fp_zero
                0x00006d98                __fp_szero
 .text.avr-libc.fplib
                0x00006da4        0xa c:/program files (x86)/atmel/studio/7.0/toolchain/avr8/avr8-gnu-toolchain/bin/../lib/gcc/avr/5.4.0/../../../../avr/lib/avrxmega3\libm.a(gesf2.o)
                0x00006da4                __gesf2
                0x00006da4                __gtsf2
 .text.avr-libc.fplib
                0x00006dae        0x8 c:/program files (x86)/atmel/studio/7.0/toolchain/avr8/avr8-gnu-toolchain/bin/../lib/gcc/avr/5.4.0/../../../../avr/lib/avrxmega3\libm.a(mulsf3.o)
                0x00006dae                __mulsf3
 .text.avr-libc.fplib
                0x00006db6       0xd2 c:/program files (x86)/atmel/studio/7.0/toolchain/avr8/avr8-gnu-toolchain/bin/../lib/gcc/avr/5.4.0/../../../../avr/lib/avrxmega3\libm.a(mulsf3x.o)
                0x00006dd4                __mulsf3x
                0x00006dda                __mulsf3_pse
 .text.avr-libc.fplib
                0x00006e88        0xc c:/program files (x86)/atmel/studio/7.0/toolchain/avr8/avr8-gnu-toolchain/bin/../lib/gcc/avr/5.4.0/../../../../avr/lib/avrxmega3\libm.a(fp_inf.o)
                0x00006e88                __fp_inf
 .text.avr-libc.fplib
                0x00006e94        0x6 c:/program files (x86)/atmel/studio/7.0/toolchain/avr8/avr8-gnu-toolchain/bin/../lib/gcc/avr/5.4.0/../../../../avr/lib/avrxmega3\libm.a(fp_nan.o)
                0x00006e94                __fp_nan
 .text.avr-libc.fplib
                0x00006e9a        0xe c:/program files (x86)/atmel/studio/7.0/toolchain/avr8/avr8-gnu-toolchain/bin/../lib/gcc/avr/5.4.0/../../../../avr/lib/avrxmega3\libm.a(fp_pscA.o)
                0x00006e9a                __fp_pscA
 .text.avr-libc.fplib
                0x00006ea8        0xe c:/program files (x86)/atmel/studio/7.0/toolchain/avr8/avr8-gnu-toolchain/bin/../lib/gcc/avr/5.4.0/../../../../avr/lib/avrxmega3\libm.a(fp_pscB.o)
                0x00006ea8                __fp_pscB
 .text.avr-libc.fplib
                0x00006eb6       0x22 c:/program files (x86)/atmel/studio/7.0/toolchain/avr8/avr8-gnu-toolchain/bin/../lib/gcc/avr/5.4.0/../../../../avr/lib/avrxmega3\libm.a(fp_round.o)
                0x00006eb6                __fp_round
 .text.libgcc.div
                0x00006ed8       0x28 c:/program files (x86)/atmel/studio/7.0/toolchain/avr8/avr8-gnu-toolchain/bin/../lib/gcc/avr/5.4.0/avrxmega3\libgcc.a(_divmodhi4.o)
                0x00006ed8                _div
                0x00006ed8                __divmodhi4
 .text.libgcc   0x00006f00        0xc c:/program files (x86)/atmel/studio/7.0/toolchain/avr8/avr8-gnu-toolchain/bin/../lib/gcc/avr/5.4.0/avrxmega3\libgcc.a(_tablejump2.o)
                0x00006f00                __tablejump2__
 .text.libgcc.div
                0x00006f0c       0x28 c:/program files (x86)/atmel/studio/7.0/toolchain/avr8/avr8-gnu-toolchain/bin/../lib/gcc/avr/5.4.0/avrxmega3\libgcc.a(_udivmodhi4.o)
                0x00006f0c                __udivmodhi4
 .text.avr-libc
                0x00006f34        0xe c:/program files (x86)/atmel/studio/7.0/toolchain/avr8/avr8-gnu-toolchain/bin/../lib/gcc/avr/5.4.0/../../../../avr/lib/avrxmega3\libc.a(memset.o)
                0x00006f34                memset
 .text.avr-libc
                0x00006f42       0x2c c:/program files (x86)/atmel/studio/7.0/toolchain/avr8/avr8-gnu-toolchain/bin/../lib/gcc/avr/5.4.0/../../../../avr/lib/avrxmega3\libc.a(printf.o)
                0x00006f42                printf
 .text.avr-libc
                0x00006f6e       0x60 c:/program files (x86)/atmel/studio/7.0/toolchain/avr8/avr8-gnu-toolchain/bin/../lib/gcc/avr/5.4.0/../../../../avr/lib/avrxmega3\libc.a(puts.o)
                0x00006f6e                puts
 .text.avr-libc
                0x00006fce      0x3c2 c:/program files (x86)/atmel/studio/7.0/toolchain/avr8/avr8-gnu-toolchain/bin/../lib/gcc/avr/5.4.0/../../../../avr/lib/avrxmega3\libc.a(vfprintf_std.o)
                0x00006fce                vfprintf
 .text.avr-libc
                0x00007390       0x16 c:/program files (x86)/atmel/studio/7.0/toolchain/avr8/avr8-gnu-toolchain/bin/../lib/gcc/avr/5.4.0/../../../../avr/lib/avrxmega3\libc.a(strnlen_P.o)
                0x00007390                strnlen_P
 .text.avr-libc
                0x000073a6       0x16 c:/program files (x86)/atmel/studio/7.0/toolchain/avr8/avr8-gnu-toolchain/bin/../lib/gcc/avr/5.4.0/../../../../avr/lib/avrxmega3\libc.a(strnlen.o)
                0x000073a6                strnlen
 .text.avr-libc
                0x000073bc       0x78 c:/program files (x86)/atmel/studio/7.0/toolchain/avr8/avr8-gnu-toolchain/bin/../lib/gcc/avr/5.4.0/../../../../avr/lib/avrxmega3\libc.a(fputc.o)
                0x000073bc                fputc
 .text.avr-libc
                0x00007434       0xbc c:/program files (x86)/atmel/studio/7.0/toolchain/avr8/avr8-gnu-toolchain/bin/../lib/gcc/avr/5.4.0/../../../../avr/lib/avrxmega3\libc.a(ultoa_invert.o)
                0x00007434                __ultoa_invert
 .text.libgcc.prologue
                0x000074f0       0x32 c:/program files (x86)/atmel/studio/7.0/toolchain/avr8/avr8-gnu-toolchain/bin/../lib/gcc/avr/5.4.0/avrxmega3\libgcc.a(_prologue.o)
                0x000074f0                __prologue_saves__
 .text.libgcc.prologue
                0x00007522       0x30 c:/program files (x86)/atmel/studio/7.0/toolchain/avr8/avr8-gnu-toolchain/bin/../lib/gcc/avr/5.4.0/avrxmega3\libgcc.a(_epilogue.o)
                0x00007522                __epilogue_restores__
                0x00007552                . = ALIGN (0x2)
 *(.fini9)
 .fini9         0x00007552        0x0 c:/program files (x86)/atmel/studio/7.0/toolchain/avr8/avr8-gnu-toolchain/bin/../lib/gcc/avr/5.4.0/avrxmega3\libgcc.a(_exit.o)
                0x00007552                _exit
                0x00007552                exit
 *(.fini9)
 *(.fini8)
 *(.fini8)
 *(.fini7)
 *(.fini7)
 *(.fini6)
 *(.fini6)
 *(.fini5)
 *(.fini5)
 *(.fini4)
 *(.fini4)
 *(.fini3)
 *(.fini3)
 *(.fini2)
 *(.fini2)
 *(.fini1)
 *(.fini1)
 *(.fini0)
 .fini0         0x00007552        0x4 c:/program files (x86)/atmel/studio/7.0/toolchain/avr8/avr8-gnu-toolchain/bin/../lib/gcc/avr/5.4.0/avrxmega3\libgcc.a(_exit.o)
 *(.fini0)
                0x00007556                _etext = .

.rodata         0x0000b556      0x1a1 load address 0x00007556
 *(.rodata)
 .rodata        0x0000b556      0x1a1 main.o
 *(.rodata*)
 *(.gnu.linkonce.r*)

.data           0x00802800       0x44 load address 0x000076f7
                0x00802800                PROVIDE (__data_start, .)
 *(.data)
 *(.data*)
 .data.mystdout
                0x00802800        0xe main.o
 .data.tcp_server_socket
                0x0080280e        0x1 main.o
 .data.tcp_client_socket
                0x0080280f        0x1 main.o
 .data.msg_wifi_product
                0x00802810       0x28 main.o
                0x00802810                msg_wifi_product
 .data.scheduler_dummy
                0x00802838        0xa src/timeout.o
                0x00802838                scheduler_dummy
 .data.egstrNmBusCapabilities
                0x00802842        0x2 winc/bus_wrapper/source/nm_bus_wrapper_mega.o
                0x00802842                egstrNmBusCapabilities
 *(.gnu.linkonce.d*)
                0x00802844                . = ALIGN (0x2)
                0x00802844                _edata = .
                0x00802844                PROVIDE (__data_end, .)

.bss            0x00802844      0x676
                0x00802844                PROVIDE (__bss_start, .)
 *(.bss)
 *(.bss*)
 .bss.wifi_connected
                0x00802844        0x1 main.o
 .bss.gau8SocketTestBuffer
                0x00802845      0x5b4 main.o
 .bss.SPI_0_desc
                0x00802df9        0x1 src/spi_basic.o
 .bss.scheduler_list_head
                0x00802dfa        0x2 src/timeout.o
                0x00802dfa                scheduler_list_head
 .bss.scheduler_execute_queue_head
                0x00802dfc        0x2 src/timeout.o
                0x00802dfc                scheduler_execute_queue_head
 .bss.scheduler_absolute_time_of_last_timeout
                0x00802dfe        0x4 src/timeout.o
                0x00802dfe                scheduler_absolute_time_of_last_timeout
 .bss.scheduler_last_timer_load
                0x00802e02        0x4 src/timeout.o
                0x00802e02                scheduler_last_timer_load
 .bss.scheduler_is_running
                0x00802e06        0x1 src/timeout.o
                0x00802e06                scheduler_is_running
 .bss.gpfIsr    0x00802e07        0x2 winc/bsp/source/nm_bsp_mega.o
 .bss.gu8ChNum  0x00802e09        0x1 winc/driver/source/m2m_wifi.o
 .bss.gu8scanInProgress
                0x00802e0a        0x1 winc/driver/source/m2m_wifi.o
 .bss.gpfAppWifiCb
                0x00802e0b        0x2 winc/driver/source/m2m_wifi.o
 .bss.chipid.2327
                0x00802e0d        0x4 winc/driver/source/nmasic.o
 .bss.gu8Crc_off
                0x00802e11        0x1 winc/driver/source/nmspi.o
 .bss.gu16SessionID
                0x00802e12        0x2 winc/socket/source/socket.o
                0x00802e12                gu16SessionID
 .bss.gbSocketInit
                0x00802e14        0x1 winc/socket/source/socket.o
                0x00802e14                gbSocketInit
 .bss.u8NextTcpSock.2561
                0x00802e15        0x1 winc/socket/source/socket.o
 .bss.u8NextUdpSock.2562
                0x00802e16        0x1 winc/socket/source/socket.o
 *(COMMON)
 COMMON         0x00802e17       0x1a winc/driver/source/m2m_hif.o
                0x00802e17                gstrHifCxt
 COMMON         0x00802e31       0x83 winc/socket/source/socket.o
                0x00802e31                gu16BufferSize
                0x00802e33                gsockerrno
                0x00802e34                gu8OpCode
                0x00802e35                gastrSockets
                0x00802eae                gpfAppSocketCb
                0x00802eb0                gfpPingCb
                0x00802eb2                gpfAppResolveCb
 COMMON         0x00802eb4        0x6 c:/program files (x86)/atmel/studio/7.0/toolchain/avr8/avr8-gnu-toolchain/bin/../lib/gcc/avr/5.4.0/../../../../avr/lib/avrxmega3\libc.a(iob.o)
                0x00802eb4                __iob
                0x00802eba                PROVIDE (__bss_end, .)
                0x000076f7                __data_load_start = LOADADDR (.data)
                0x0000773b                __data_load_end = (__data_load_start + SIZEOF (.data))

.noinit         0x00802eba        0x0
                [!provide]                PROVIDE (__noinit_start, .)
 *(.noinit*)
                [!provide]                PROVIDE (__noinit_end, .)
                0x00802eba                _end = .
                [!provide]                PROVIDE (__heap_start, .)

.eeprom         0x00810000        0x0
 *(.eeprom*)
                0x00810000                __eeprom_end = .

.fuse
 *(.fuse)
 *(.lfuse)
 *(.hfuse)
 *(.efuse)

.lock
 *(.lock*)

.signature
 *(.signature*)

.user_signatures
 *(.user_signatures*)

.stab
 *(.stab)

.stabstr
 *(.stabstr)

.stab.excl
 *(.stab.excl)

.stab.exclstr
 *(.stab.exclstr)

.stab.index
 *(.stab.index)

.stab.indexstr
 *(.stab.indexstr)

.comment        0x00000000       0x5c
 *(.comment)
 .comment       0x00000000       0x30 atmel_start.o
                                 0x31 (size before relaxing)
 .comment       0x00000030       0x31 winc_init.o
 .comment       0x00000030       0x31 main.o
 .comment       0x00000030       0x31 src/bod.o
 .comment       0x00000030       0x31 src/clkctrl.o
 .comment       0x00000030       0x31 src/cpuint.o
 .comment       0x00000030       0x31 src/driver_init.o
 .comment       0x00000030       0x31 src/slpctrl.o
 .comment       0x00000030       0x31 src/spi_basic.o
 .comment       0x00000030       0x31 src/timeout.o
 .comment       0x00000030       0x31 src/usart_basic.o
 .comment       0x00000030       0x31 winc/bsp/source/nm_bsp_mega.o
 .comment       0x00000030       0x31 winc/bus_wrapper/source/nm_bus_wrapper_mega.o
 .comment       0x00000030       0x31 winc/common/source/nm_common.o
 .comment       0x00000030       0x31 winc/driver/source/m2m_hif.o
 .comment       0x00000030       0x31 winc/driver/source/m2m_wifi.o
 .comment       0x00000030       0x31 winc/driver/source/nmasic.o
 .comment       0x00000030       0x31 winc/driver/source/nmbus.o
 .comment       0x00000030       0x31 winc/driver/source/nmdrv.o
 .comment       0x00000030       0x31 winc/driver/source/nmspi.o
 .comment       0x00000030       0x31 winc/socket/source/socket.o
 .comment       0x00000030       0x31 winc/spi_flash/source/spi_flash.o
 .comment       0x00000030       0x31 c:/program files (x86)/atmel/studio/7.0/toolchain/avr8/avr8-gnu-toolchain/bin/../lib/gcc/avr/5.4.0/../../../../avr/lib/avrxmega3\libc.a(iob.o)
 .comment       0x00000030       0x31 c:/program files (x86)/atmel/studio/7.0/toolchain/avr8/avr8-gnu-toolchain/bin/../lib/gcc/avr/5.4.0/../../../../avr/lib/avrxmega3\libc.a(printf.o)
 .comment       0x00000030       0x31 c:/program files (x86)/atmel/studio/7.0/toolchain/avr8/avr8-gnu-toolchain/bin/../lib/gcc/avr/5.4.0/../../../../avr/lib/avrxmega3\libc.a(puts.o)
 .comment       0x00000030       0x2c c:/program files (x86)/atmel/studio/7.0/toolchain/avr8/avr8-gnu-toolchain/bin/../lib/gcc/avr/5.4.0/../../../../avr/lib/avrxmega3\libc.a(vfprintf_std.o)
                                 0x2d (size before relaxing)
 .comment       0x0000005c       0x31 c:/program files (x86)/atmel/studio/7.0/toolchain/avr8/avr8-gnu-toolchain/bin/../lib/gcc/avr/5.4.0/../../../../avr/lib/avrxmega3\libc.a(fputc.o)

.note.gnu.avr.deviceinfo
                0x00000000       0x40
 .note.gnu.avr.deviceinfo
                0x00000000       0x40 C:/Program Files (x86)/Atmel/Studio/7.0/Packs/Atmel/ATmega_DFP/1.2.209/gcc/dev/atmega4809/avrxmega3/crtatmega4809.o

.note.gnu.build-id
 *(.note.gnu.build-id)

.debug
 *(.debug)

.line
 *(.line)

.debug_srcinfo
 *(.debug_srcinfo)

.debug_sfnames
 *(.debug_sfnames)

.debug_aranges  0x00000000      0xbb0
 *(.debug_aranges)
 .debug_aranges
                0x00000000       0x20 atmel_start.o
 .debug_aranges
                0x00000020       0x20 winc_init.o
 .debug_aranges
                0x00000040       0x38 main.o
 .debug_aranges
                0x00000078       0x20 src/bod.o
 .debug_aranges
                0x00000098       0x28 src/clkctrl.o
 .debug_aranges
                0x000000c0       0x20 src/cpuint.o
 .debug_aranges
                0x000000e0      0x190 src/driver_init.o
 .debug_aranges
                0x00000270       0x20 src/protected_io.o
 .debug_aranges
                0x00000290       0x20 src/slpctrl.o
 .debug_aranges
                0x000002b0       0x50 src/spi_basic.o
 .debug_aranges
                0x00000300       0x98 src/timeout.o
 .debug_aranges
                0x00000398       0x78 src/usart_basic.o
 .debug_aranges
                0x00000410       0xd8 winc/bsp/source/nm_bsp_mega.o
 .debug_aranges
                0x000004e8       0x88 winc/bus_wrapper/source/nm_bus_wrapper_mega.o
 .debug_aranges
                0x00000570       0x50 winc/common/source/nm_common.o
 .debug_aranges
                0x000005c0       0x90 winc/driver/source/m2m_hif.o
 .debug_aranges
                0x00000650      0x1d0 winc/driver/source/m2m_wifi.o
 .debug_aranges
                0x00000820       0xb0 winc/driver/source/nmasic.o
 .debug_aranges
                0x000008d0       0x70 winc/driver/source/nmbus.o
 .debug_aranges
                0x00000940       0x48 winc/driver/source/nmdrv.o
 .debug_aranges
                0x00000988       0xc8 winc/driver/source/nmspi.o
 .debug_aranges
                0x00000a50       0xc8 winc/socket/source/socket.o
 .debug_aranges
                0x00000b18       0x98 winc/spi_flash/source/spi_flash.o

.debug_pubnames
 *(.debug_pubnames)

.debug_info     0x00000000     0xc9b1
 *(.debug_info .gnu.linkonce.wi.*)
 .debug_info    0x00000000     0x2517 C:/Program Files (x86)/Atmel/Studio/7.0/Packs/Atmel/ATmega_DFP/1.2.209/gcc/dev/atmega4809/avrxmega3/crtatmega4809.o
 .debug_info    0x00002517       0x7f atmel_start.o
 .debug_info    0x00002596      0x347 winc_init.o
 .debug_info    0x000028dd      0xd26 main.o
 .debug_info    0x00003603       0x8d src/bod.o
 .debug_info    0x00003690      0x34c src/clkctrl.o
 .debug_info    0x000039dc       0x8d src/cpuint.o
 .debug_info    0x00003a69      0xc81 src/driver_init.o
 .debug_info    0x000046ea       0x81 src/protected_io.o
 .debug_info    0x0000476b       0x8d src/slpctrl.o
 .debug_info    0x000047f8      0x2e9 src/spi_basic.o
 .debug_info    0x00004ae1      0x81a src/timeout.o
 .debug_info    0x000052fb      0x361 src/usart_basic.o
 .debug_info    0x0000565c      0x87c winc/bsp/source/nm_bsp_mega.o
 .debug_info    0x00005ed8      0x70d winc/bus_wrapper/source/nm_bus_wrapper_mega.o
 .debug_info    0x000065e5      0x2ae winc/common/source/nm_common.o
 .debug_info    0x00006893      0x6b1 winc/driver/source/m2m_hif.o
 .debug_info    0x00006f44     0x233b winc/driver/source/m2m_wifi.o
 .debug_info    0x0000927f      0x6ab winc/driver/source/nmasic.o
 .debug_info    0x0000992a      0x3ad winc/driver/source/nmbus.o
 .debug_info    0x00009cd7      0x454 winc/driver/source/nmdrv.o
 .debug_info    0x0000a12b      0x9f0 winc/driver/source/nmspi.o
 .debug_info    0x0000ab1b     0x17b3 winc/socket/source/socket.o
 .debug_info    0x0000c2ce      0x6e3 winc/spi_flash/source/spi_flash.o

.debug_abbrev   0x00000000     0x4200
 *(.debug_abbrev)
 .debug_abbrev  0x00000000     0x2320 C:/Program Files (x86)/Atmel/Studio/7.0/Packs/Atmel/ATmega_DFP/1.2.209/gcc/dev/atmega4809/avrxmega3/crtatmega4809.o
 .debug_abbrev  0x00002320       0x44 atmel_start.o
 .debug_abbrev  0x00002364       0xdb winc_init.o
 .debug_abbrev  0x0000243f      0x1e9 main.o
 .debug_abbrev  0x00002628       0x51 src/bod.o
 .debug_abbrev  0x00002679       0xcb src/clkctrl.o
 .debug_abbrev  0x00002744       0x51 src/cpuint.o
 .debug_abbrev  0x00002795      0x1c4 src/driver_init.o
 .debug_abbrev  0x00002959       0x14 src/protected_io.o
 .debug_abbrev  0x0000296d       0x51 src/slpctrl.o
 .debug_abbrev  0x000029be      0x155 src/spi_basic.o
 .debug_abbrev  0x00002b13      0x242 src/timeout.o
 .debug_abbrev  0x00002d55      0x166 src/usart_basic.o
 .debug_abbrev  0x00002ebb      0x288 winc/bsp/source/nm_bsp_mega.o
 .debug_abbrev  0x00003143      0x209 winc/bus_wrapper/source/nm_bus_wrapper_mega.o
 .debug_abbrev  0x0000334c       0xf3 winc/common/source/nm_common.o
 .debug_abbrev  0x0000343f      0x217 winc/driver/source/m2m_hif.o
 .debug_abbrev  0x00003656      0x239 winc/driver/source/m2m_wifi.o
 .debug_abbrev  0x0000388f      0x1c2 winc/driver/source/nmasic.o
 .debug_abbrev  0x00003a51      0x142 winc/driver/source/nmbus.o
 .debug_abbrev  0x00003b93      0x14a winc/driver/source/nmdrv.o
 .debug_abbrev  0x00003cdd      0x1bb winc/driver/source/nmspi.o
 .debug_abbrev  0x00003e98      0x219 winc/socket/source/socket.o
 .debug_abbrev  0x000040b1      0x14f winc/spi_flash/source/spi_flash.o

.debug_line     0x00000000     0x7341
 *(.debug_line .debug_line.* .debug_line_end)
 .debug_line    0x00000000      0x187 C:/Program Files (x86)/Atmel/Studio/7.0/Packs/Atmel/ATmega_DFP/1.2.209/gcc/dev/atmega4809/avrxmega3/crtatmega4809.o
 .debug_line    0x00000187       0x4a atmel_start.o
 .debug_line    0x000001d1      0x13b winc_init.o
 .debug_line    0x0000030c      0x461 main.o
 .debug_line    0x0000076d       0xa8 src/bod.o
 .debug_line    0x00000815      0x144 src/clkctrl.o
 .debug_line    0x00000959       0xab src/cpuint.o
 .debug_line    0x00000a04      0x9d0 src/driver_init.o
 .debug_line    0x000013d4       0x5b src/protected_io.o
 .debug_line    0x0000142f       0xac src/slpctrl.o
 .debug_line    0x000014db      0x290 src/spi_basic.o
 .debug_line    0x0000176b      0x5c4 src/timeout.o
 .debug_line    0x00001d2f      0x2bb src/usart_basic.o
 .debug_line    0x00001fea      0x61f winc/bsp/source/nm_bsp_mega.o
 .debug_line    0x00002609      0x475 winc/bus_wrapper/source/nm_bus_wrapper_mega.o
 .debug_line    0x00002a7e      0x266 winc/common/source/nm_common.o
 .debug_line    0x00002ce4      0x716 winc/driver/source/m2m_hif.o
 .debug_line    0x000033fa     0x10c7 winc/driver/source/m2m_wifi.o
 .debug_line    0x000044c1      0x84b winc/driver/source/nmasic.o
 .debug_line    0x00004d0c      0x289 winc/driver/source/nmbus.o
 .debug_line    0x00004f95      0x441 winc/driver/source/nmdrv.o
 .debug_line    0x000053d6      0xacb winc/driver/source/nmspi.o
 .debug_line    0x00005ea1      0xd2e winc/socket/source/socket.o
 .debug_line    0x00006bcf      0x772 winc/spi_flash/source/spi_flash.o

.debug_frame    0x00000000     0x3144
 *(.debug_frame)
 .debug_frame   0x00000000       0x34 atmel_start.o
 .debug_frame   0x00000034       0x34 winc_init.o
 .debug_frame   0x00000068       0xac main.o
 .debug_frame   0x00000114       0x34 src/bod.o
 .debug_frame   0x00000148       0x54 src/clkctrl.o
 .debug_frame   0x0000019c       0x34 src/cpuint.o
 .debug_frame   0x000001d0      0x5f4 src/driver_init.o
 .debug_frame   0x000007c4       0x34 src/slpctrl.o
 .debug_frame   0x000007f8       0xf4 src/spi_basic.o
 .debug_frame   0x000008ec      0x2ac src/timeout.o
 .debug_frame   0x00000b98      0x194 src/usart_basic.o
 .debug_frame   0x00000d2c      0x358 winc/bsp/source/nm_bsp_mega.o
 .debug_frame   0x00001084      0x1d4 winc/bus_wrapper/source/nm_bus_wrapper_mega.o
 .debug_frame   0x00001258       0xf4 winc/common/source/nm_common.o
 .debug_frame   0x0000134c      0x234 winc/driver/source/m2m_hif.o
 .debug_frame   0x00001580      0xbb8 winc/driver/source/m2m_wifi.o
 .debug_frame   0x00002138      0x28c winc/driver/source/nmasic.o
 .debug_frame   0x000023c4      0x19c winc/driver/source/nmbus.o
 .debug_frame   0x00002560       0xec winc/driver/source/nmdrv.o
 .debug_frame   0x0000264c      0x3a8 winc/driver/source/nmspi.o
 .debug_frame   0x000029f4      0x4cc winc/socket/source/socket.o
 .debug_frame   0x00002ec0      0x284 winc/spi_flash/source/spi_flash.o

.debug_str      0x00000000     0x55d5
 *(.debug_str)
 .debug_str     0x00000000      0xfc0 C:/Program Files (x86)/Atmel/Studio/7.0/Packs/Atmel/ATmega_DFP/1.2.209/gcc/dev/atmega4809/avrxmega3/crtatmega4809.o
 .debug_str     0x00000fc0      0x155 atmel_start.o
                                0x189 (size before relaxing)
 .debug_str     0x00001115      0x1af winc_init.o
                                0x35c (size before relaxing)
 .debug_str     0x000012c4      0x811 main.o
                                0xbaf (size before relaxing)
 .debug_str     0x00001ad5       0x16 src/bod.o
                                0x182 (size before relaxing)
 .debug_str     0x00001aeb      0x25e src/clkctrl.o
                                0x481 (size before relaxing)
 .debug_str     0x00001d49       0x1c src/cpuint.o
                                0x188 (size before relaxing)
 .debug_str     0x00001d65      0x5b4 src/driver_init.o
                                0x893 (size before relaxing)
 .debug_str     0x00002319       0x1e src/slpctrl.o
                                0x18a (size before relaxing)
 .debug_str     0x00002337      0x175 src/spi_basic.o
                                0x34c (size before relaxing)
 .debug_str     0x000024ac      0x59b src/timeout.o
                                0x82e (size before relaxing)
 .debug_str     0x00002a47      0x1a2 src/usart_basic.o
                                0x37f (size before relaxing)
 .debug_str     0x00002be9      0x130 winc/bsp/source/nm_bsp_mega.o
                                0x6e5 (size before relaxing)
 .debug_str     0x00002d19      0x13b winc/bus_wrapper/source/nm_bus_wrapper_mega.o
                                0x5dd (size before relaxing)
 .debug_str     0x00002e54       0xcf winc/common/source/nm_common.o
                                0x230 (size before relaxing)
 .debug_str     0x00002f23      0x31f winc/driver/source/m2m_hif.o
                                0x4b7 (size before relaxing)
 .debug_str     0x00003242     0x14cb winc/driver/source/m2m_wifi.o
                               0x1d3c (size before relaxing)
 .debug_str     0x0000470d      0x200 winc/driver/source/nmasic.o
                                0x434 (size before relaxing)
 .debug_str     0x0000490d       0xe1 winc/driver/source/nmbus.o
                                0x2ac (size before relaxing)
 .debug_str     0x000049ee       0xcc winc/driver/source/nmdrv.o
                                0x3ab (size before relaxing)
 .debug_str     0x00004aba      0x1c3 winc/driver/source/nmspi.o
                                0x407 (size before relaxing)
 .debug_str     0x00004c7d      0x76d winc/socket/source/socket.o
                                0xc9c (size before relaxing)
 .debug_str     0x000053ea      0x1eb winc/spi_flash/source/spi_flash.o
                                0x38e (size before relaxing)

.debug_loc      0x00000000     0x6a44
 *(.debug_loc)
 .debug_loc     0x00000000       0x3b atmel_start.o
 .debug_loc     0x0000003b       0x47 winc_init.o
 .debug_loc     0x00000082      0x152 main.o
 .debug_loc     0x000001d4       0x3b src/bod.o
 .debug_loc     0x0000020f       0x83 src/clkctrl.o
 .debug_loc     0x00000292       0x3b src/cpuint.o
 .debug_loc     0x000002cd      0xd03 src/driver_init.o
 .debug_loc     0x00000fd0       0x3b src/slpctrl.o
 .debug_loc     0x0000100b      0x1ce src/spi_basic.o
 .debug_loc     0x000011d9      0x5d8 src/timeout.o
 .debug_loc     0x000017b1      0x2de src/usart_basic.o
 .debug_loc     0x00001a8f      0x727 winc/bsp/source/nm_bsp_mega.o
 .debug_loc     0x000021b6      0x3e1 winc/bus_wrapper/source/nm_bus_wrapper_mega.o
 .debug_loc     0x00002597      0x1f2 winc/common/source/nm_common.o
 .debug_loc     0x00002789      0x4a8 winc/driver/source/m2m_hif.o
 .debug_loc     0x00002c31     0x1ac4 winc/driver/source/m2m_wifi.o
 .debug_loc     0x000046f5      0x574 winc/driver/source/nmasic.o
 .debug_loc     0x00004c69      0x37a winc/driver/source/nmbus.o
 .debug_loc     0x00004fe3      0x1e1 winc/driver/source/nmdrv.o
 .debug_loc     0x000051c4      0x826 winc/driver/source/nmspi.o
 .debug_loc     0x000059ea      0xacc winc/socket/source/socket.o
 .debug_loc     0x000064b6      0x58e winc/spi_flash/source/spi_flash.o

.debug_macinfo
 *(.debug_macinfo)

.debug_weaknames
 *(.debug_weaknames)

.debug_funcnames
 *(.debug_funcnames)

.debug_typenames
 *(.debug_typenames)

.debug_varnames
 *(.debug_varnames)

.debug_pubtypes
 *(.debug_pubtypes)

.debug_ranges   0x00000000      0xb78
 *(.debug_ranges)
 .debug_ranges  0x00000000       0x10 atmel_start.o
 .debug_ranges  0x00000010       0x10 winc_init.o
 .debug_ranges  0x00000020       0xa0 main.o
 .debug_ranges  0x000000c0       0x10 src/bod.o
 .debug_ranges  0x000000d0       0x18 src/clkctrl.o
 .debug_ranges  0x000000e8       0x10 src/cpuint.o
 .debug_ranges  0x000000f8      0x180 src/driver_init.o
 .debug_ranges  0x00000278       0x10 src/slpctrl.o
 .debug_ranges  0x00000288       0x40 src/spi_basic.o
 .debug_ranges  0x000002c8       0x88 src/timeout.o
 .debug_ranges  0x00000350       0x68 src/usart_basic.o
 .debug_ranges  0x000003b8       0xc8 winc/bsp/source/nm_bsp_mega.o
 .debug_ranges  0x00000480       0x78 winc/bus_wrapper/source/nm_bus_wrapper_mega.o
 .debug_ranges  0x000004f8       0x40 winc/common/source/nm_common.o
 .debug_ranges  0x00000538       0xc8 winc/driver/source/m2m_hif.o
 .debug_ranges  0x00000600      0x1d8 winc/driver/source/m2m_wifi.o
 .debug_ranges  0x000007d8       0xb8 winc/driver/source/nmasic.o
 .debug_ranges  0x00000890       0x60 winc/driver/source/nmbus.o
 .debug_ranges  0x000008f0       0x38 winc/driver/source/nmdrv.o
 .debug_ranges  0x00000928       0xb8 winc/driver/source/nmspi.o
 .debug_ranges  0x000009e0      0x110 winc/socket/source/socket.o
 .debug_ranges  0x00000af0       0x88 winc/spi_flash/source/spi_flash.o

.debug_macro
 *(.debug_macro)
OUTPUT(robowifi.elf elf32-avr)
LOAD linker stubs
