Archive member included to satisfy reference by file (symbol)

c:/program files (x86)/atmel/studio/7.0/toolchain/avr8/avr8-gnu-toolchain/bin/../lib/gcc/avr/5.4.0/../../../../avr/lib/avrxmega3\libm.a(cmpsf2.o)
                              main.o (__ltsf2)
c:/program files (x86)/atmel/studio/7.0/toolchain/avr8/avr8-gnu-toolchain/bin/../lib/gcc/avr/5.4.0/../../../../avr/lib/avrxmega3\libm.a(fixunssfsi.o)
                              main.o (__fixunssfsi)
c:/program files (x86)/atmel/studio/7.0/toolchain/avr8/avr8-gnu-toolchain/bin/../lib/gcc/avr/5.4.0/../../../../avr/lib/avrxmega3\libm.a(fp_cmp.o)
                              c:/program files (x86)/atmel/studio/7.0/toolchain/avr8/avr8-gnu-toolchain/bin/../lib/gcc/avr/5.4.0/../../../../avr/lib/avrxmega3\libm.a(cmpsf2.o) (__fp_cmp)
c:/program files (x86)/atmel/studio/7.0/toolchain/avr8/avr8-gnu-toolchain/bin/../lib/gcc/avr/5.4.0/../../../../avr/lib/avrxmega3\libm.a(fp_split3.o)
                              c:/program files (x86)/atmel/studio/7.0/toolchain/avr8/avr8-gnu-toolchain/bin/../lib/gcc/avr/5.4.0/../../../../avr/lib/avrxmega3\libm.a(fixunssfsi.o) (__fp_splitA)
c:/program files (x86)/atmel/studio/7.0/toolchain/avr8/avr8-gnu-toolchain/bin/../lib/gcc/avr/5.4.0/../../../../avr/lib/avrxmega3\libm.a(fp_zero.o)
                              c:/program files (x86)/atmel/studio/7.0/toolchain/avr8/avr8-gnu-toolchain/bin/../lib/gcc/avr/5.4.0/../../../../avr/lib/avrxmega3\libm.a(fixunssfsi.o) (__fp_zero)
c:/program files (x86)/atmel/studio/7.0/toolchain/avr8/avr8-gnu-toolchain/bin/../lib/gcc/avr/5.4.0/../../../../avr/lib/avrxmega3\libm.a(gesf2.o)
                              main.o (__gtsf2)
c:/program files (x86)/atmel/studio/7.0/toolchain/avr8/avr8-gnu-toolchain/bin/../lib/gcc/avr/5.4.0/../../../../avr/lib/avrxmega3\libm.a(mulsf3.o)
                              main.o (__mulsf3)
c:/program files (x86)/atmel/studio/7.0/toolchain/avr8/avr8-gnu-toolchain/bin/../lib/gcc/avr/5.4.0/../../../../avr/lib/avrxmega3\libm.a(mulsf3x.o)
                              c:/program files (x86)/atmel/studio/7.0/toolchain/avr8/avr8-gnu-toolchain/bin/../lib/gcc/avr/5.4.0/../../../../avr/lib/avrxmega3\libm.a(mulsf3.o) (__mulsf3x)
c:/program files (x86)/atmel/studio/7.0/toolchain/avr8/avr8-gnu-toolchain/bin/../lib/gcc/avr/5.4.0/../../../../avr/lib/avrxmega3\libm.a(fp_inf.o)
                              c:/program files (x86)/atmel/studio/7.0/toolchain/avr8/avr8-gnu-toolchain/bin/../lib/gcc/avr/5.4.0/../../../../avr/lib/avrxmega3\libm.a(mulsf3x.o) (__fp_inf)
c:/program files (x86)/atmel/studio/7.0/toolchain/avr8/avr8-gnu-toolchain/bin/../lib/gcc/avr/5.4.0/../../../../avr/lib/avrxmega3\libm.a(fp_nan.o)
                              c:/program files (x86)/atmel/studio/7.0/toolchain/avr8/avr8-gnu-toolchain/bin/../lib/gcc/avr/5.4.0/../../../../avr/lib/avrxmega3\libm.a(mulsf3x.o) (__fp_nan)
c:/program files (x86)/atmel/studio/7.0/toolchain/avr8/avr8-gnu-toolchain/bin/../lib/gcc/avr/5.4.0/../../../../avr/lib/avrxmega3\libm.a(fp_pscA.o)
                              c:/program files (x86)/atmel/studio/7.0/toolchain/avr8/avr8-gnu-toolchain/bin/../lib/gcc/avr/5.4.0/../../../../avr/lib/avrxmega3\libm.a(mulsf3x.o) (__fp_pscA)
c:/program files (x86)/atmel/studio/7.0/toolchain/avr8/avr8-gnu-toolchain/bin/../lib/gcc/avr/5.4.0/../../../../avr/lib/avrxmega3\libm.a(fp_pscB.o)
                              c:/program files (x86)/atmel/studio/7.0/toolchain/avr8/avr8-gnu-toolchain/bin/../lib/gcc/avr/5.4.0/../../../../avr/lib/avrxmega3\libm.a(mulsf3x.o) (__fp_pscB)
c:/program files (x86)/atmel/studio/7.0/toolchain/avr8/avr8-gnu-toolchain/bin/../lib/gcc/avr/5.4.0/../../../../avr/lib/avrxmega3\libm.a(fp_round.o)
                              c:/program files (x86)/atmel/studio/7.0/toolchain/avr8/avr8-gnu-toolchain/bin/../lib/gcc/avr/5.4.0/../../../../avr/lib/avrxmega3\libm.a(mulsf3.o) (__fp_round)
c:/program files (x86)/atmel/studio/7.0/toolchain/avr8/avr8-gnu-toolchain/bin/../lib/gcc/avr/5.4.0/avrxmega3\libgcc.a(_divmodhi4.o)
                              winc/socket/source/socket.o (__divmodhi4)
c:/program files (x86)/atmel/studio/7.0/toolchain/avr8/avr8-gnu-toolchain/bin/../lib/gcc/avr/5.4.0/avrxmega3\libgcc.a(_udivmodsi4.o)
                              winc/spi_flash/source/spi_flash.o (__udivmodsi4)
c:/program files (x86)/atmel/studio/7.0/toolchain/avr8/avr8-gnu-toolchain/bin/../lib/gcc/avr/5.4.0/avrxmega3\libgcc.a(_exit.o)
                              C:/Program Files (x86)/Atmel/Studio/7.0/Packs/Atmel/ATmega_DFP/1.2.209/gcc/dev/atmega4809/avrxmega3/crtatmega4809.o (exit)
c:/program files (x86)/atmel/studio/7.0/toolchain/avr8/avr8-gnu-toolchain/bin/../lib/gcc/avr/5.4.0/avrxmega3\libgcc.a(_tablejump2.o)
                              winc/driver/source/m2m_hif.o (__tablejump2__)
c:/program files (x86)/atmel/studio/7.0/toolchain/avr8/avr8-gnu-toolchain/bin/../lib/gcc/avr/5.4.0/avrxmega3\libgcc.a(_copy_data.o)
                              examples/src/spi_basic_example.o (__do_copy_data)
[...]
Memory Configuration

Name             Origin             Length             Attributes
text             0x00000000         0x00100000         xr
data             0x00802000         0x0000ffa0         rw !x
eeprom           0x00810000         0x00010000         rw !x
fuse             0x00820000         0x00000009         rw !x
lock             0x00830000         0x00000400         rw !x
signature        0x00840000         0x00000400         rw !x
user_signatures  0x00850000         0x00000400         rw !x
*default*        0x00000000         0xffffffff

Linker script and memory map

Address of section .data set to 0x802800
                0x00004000                __RODATA_PM_OFFSET__ = 0x4000
LOAD C:/Program Files (x86)/Atmel/Studio/7.0/Packs/Atmel/ATmega_DFP/1.2.209/gcc/dev/atmega4809/avrxmega3/crtatmega4809.o
LOAD atmel_start.o
LOAD driver_isr.o
LOAD examples/src/spi_basic_example.o
LOAD examples/src/timeout_example.o
LOAD examples/src/usart_basic_example.o
LOAD main.o
LOAD src/adc_basic.o
LOAD src/bod.o
LOAD src/clkctrl.o
LOAD src/cpuint.o
LOAD src/driver_init.o
LOAD src/fingerprint.o
LOAD src/http.o
LOAD src/protected_io.o
LOAD src/slpctrl.o
LOAD src/spi_basic.o
LOAD src/timeout.o
LOAD src/usart_basic.o
LOAD winc/bsp/source/nm_bsp_mega.o
LOAD winc/bus_wrapper/source/nm_bus_wrapper_mega.o
LOAD winc/common/source/nm_common.o
LOAD winc/driver/source/m2m_ate_mode.o
LOAD winc/driver/source/m2m_crypto.o
LOAD winc/driver/source/m2m_hif.o
LOAD winc/driver/source/m2m_ota.o
LOAD winc/driver/source/m2m_periph.o
LOAD winc/driver/source/m2m_ssl.o
LOAD winc/driver/source/m2m_wifi.o
LOAD winc/driver/source/nmasic.o
LOAD winc/driver/source/nmbus.o
LOAD winc/driver/source/nmdrv.o
LOAD winc/driver/source/nmi2c.o
LOAD winc/driver/source/nmspi.o
LOAD winc/driver/source/nmuart.o
LOAD winc/socket/source/socket.o
LOAD winc/spi_flash/source/spi_flash.o
START GROUP
LOAD c:/program files (x86)/atmel/studio/7.0/toolchain/avr8/avr8-gnu-toolchain/bin/../lib/gcc/avr/5.4.0/../../../../avr/lib/avrxmega3\libm.a
END GROUP
START GROUP
LOAD c:/program files (x86)/atmel/studio/7.0/toolchain/avr8/avr8-gnu-toolchain/bin/../lib/gcc/avr/5.4.0/avrxmega3\libgcc.a
LOAD c:/program files (x86)/atmel/studio/7.0/toolchain/avr8/avr8-gnu-toolchain/bin/../lib/gcc/avr/5.4.0/../../../../avr/lib/avrxmega3\libm.a
LOAD c:/program files (x86)/atmel/studio/7.0/toolchain/avr8/avr8-gnu-toolchain/bin/../lib/gcc/avr/5.4.0/../../../../avr/lib/avrxmega3\libc.a
LOAD C:/Program Files (x86)/Atmel/Studio/7.0/Packs/Atmel/ATmega_DFP/1.2.209/gcc/dev/atmega4809/avrxmega3\libatmega4809.a
END GROUP
                0x00100000                __TEXT_REGION_LENGTH__ = DEFINED (__TEXT_REGION_LENGTH__)?__TEXT_REGION_LENGTH__:0x100000
                0x0000ffa0                __DATA_REGION_LENGTH__ = DEFINED (__DATA_REGION_LENGTH__)?__DATA_REGION_LENGTH__:0xffa0
                0x00010000                __EEPROM_REGION_LENGTH__ = DEFINED (__EEPROM_REGION_LENGTH__)?__EEPROM_REGION_LENGTH__:0x10000
                [0x00000009]                __FUSE_REGION_LENGTH__ = DEFINED (__FUSE_REGION_LENGTH__)?__FUSE_REGION_LENGTH__:0x400
                0x00000400                __LOCK_REGION_LENGTH__ = DEFINED (__LOCK_REGION_LENGTH__)?__LOCK_REGION_LENGTH__:0x400
                0x00000400                __SIGNATURE_REGION_LENGTH__ = DEFINED (__SIGNATURE_REGION_LENGTH__)?__SIGNATURE_REGION_LENGTH__:0x400
                0x00000400                __USER_SIGNATURE_REGION_LENGTH__ = DEFINED (__USER_SIGNATURE_REGION_LENGTH__)?__USER_SIGNATURE_REGION_LENGTH__:0x400
                0x00008000                __RODATA_PM_OFFSET__ = DEFINED (__RODATA_PM_OFFSET__)?__RODATA_PM_OFFSET__:0x8000

.hash
 *(.hash)

.dynsym
 *(.dynsym)

.dynstr
 *(.dynstr)

.gnu.version
 *(.gnu.version)

.gnu.version_d
 *(.gnu.version_d)

.gnu.version_r
 *(.gnu.version_r)

.rel.init
 *(.rel.init)

.rela.init
 *(.rela.init)

.rel.text
 *(.rel.text)
 *(.rel.text.*)
 *(.rel.gnu.linkonce.t*)

.rela.text
 *(.rela.text)
 *(.rela.text.*)
 *(.rela.gnu.linkonce.t*)

.rel.fini
 *(.rel.fini)

.rela.fini
 *(.rela.fini)

.rel.rodata
 *(.rel.rodata)
 *(.rel.rodata.*)
 *(.rel.gnu.linkonce.r*)

.rela.rodata
 *(.rela.rodata)
 *(.rela.rodata.*)
 *(.rela.gnu.linkonce.r*)

.rel.data
 *(.rel.data)
 *(.rel.data.*)
 *(.rel.gnu.linkonce.d*)

.rela.data
 *(.rela.data)
 *(.rela.data.*)
 *(.rela.gnu.linkonce.d*)

.rel.ctors
 *(.rel.ctors)

.rela.ctors
 *(.rela.ctors)

.rel.dtors
 *(.rel.dtors)

.rela.dtors
 *(.rela.dtors)

.rel.got
 *(.rel.got)

.rela.got
 *(.rela.got)

.rel.bss
 *(.rel.bss)

.rela.bss
 *(.rela.bss)

.rel.plt
 *(.rel.plt)

.rela.plt
 *(.rela.plt)

.text           0x00000000     0x7fae
 *(.vectors)
 .vectors       0x00000000       0xa0 C:/Program Files (x86)/Atmel/Studio/7.0/Packs/Atmel/ATmega_DFP/1.2.209/gcc/dev/atmega4809/avrxmega3/crtatmega4809.o
                0x00000000                __vector_default
                0x00000000                __vectors
 *(.vectors)
 *(.progmem.gcc*)
 .progmem.gcc_sw_table.hif_register_cb
                0x000000a0        0xe winc/driver/source/m2m_hif.o
 .progmem.gcc_sw_table.spi_cmd
                0x000000ae       0x1e winc/driver/source/nmspi.o
                0x000000cc                . = ALIGN (0x2)
                0x000000cc                __trampolines_start = .
 *(.trampolines)
 .trampolines   0x000000cc        0x0 linker stubs
 *(.trampolines*)
                0x000000cc                __trampolines_end = .
 *libprintf_flt.a:*(.progmem.data)
 *libc.a:*(.progmem.data)
 *(.progmem*)
 .progmem.data.crc7_syndrome_table
                0x000000cc      0x100 winc/driver/source/nmspi.o
                0x000001cc                . = ALIGN (0x2)
 *(.jumptables)
 *(.jumptables*)
 *(.lowtext)
 *(.lowtext*)
                0x000001cc                __ctors_start = .
 *(.ctors)
                0x000001cc                __ctors_end = .
                0x000001cc                __dtors_start = .
 *(.dtors)
                0x000001cc                __dtors_end = .
 SORT(*)(.ctors)
 SORT(*)(.dtors)
 *(.init0)
 .init0         0x000001cc        0x0 C:/Program Files (x86)/Atmel/Studio/7.0/Packs/Atmel/ATmega_DFP/1.2.209/gcc/dev/atmega4809/avrxmega3/crtatmega4809.o
                0x000001cc                __init
 *(.init0)
 *(.init1)
 *(.init1)
 *(.init2)
 .init2         0x000001cc        0xc C:/Program Files (x86)/Atmel/Studio/7.0/Packs/Atmel/ATmega_DFP/1.2.209/gcc/dev/atmega4809/avrxmega3/crtatmega4809.o
 *(.init2)
 *(.init3)
 *(.init3)
 *(.init4)
 .init4         0x000001d8       0x16 c:/program files (x86)/atmel/studio/7.0/toolchain/avr8/avr8-gnu-toolchain/bin/../lib/gcc/avr/5.4.0/avrxmega3\libgcc.a(_copy_data.o)
                0x000001d8                __do_copy_data
 .init4         0x000001ee       0x10 c:/program files (x86)/atmel/studio/7.0/toolchain/avr8/avr8-gnu-toolchain/bin/../lib/gcc/avr/5.4.0/avrxmega3\libgcc.a(_clear_bss.o)
                0x000001ee                __do_clear_bss
 *(.init4)
 *(.init5)
 *(.init5)
 *(.init6)
 *(.init6)
 *(.init7)
 *(.init7)
 *(.init8)
 *(.init8)
 *(.init9)
 .init9         0x000001fe        0x8 C:/Program Files (x86)/Atmel/Studio/7.0/Packs/Atmel/ATmega_DFP/1.2.209/gcc/dev/atmega4809/avrxmega3/crtatmega4809.o
 *(.init9)
 *(.text)
 .text          0x00000206        0x4 C:/Program Files (x86)/Atmel/Studio/7.0/Packs/Atmel/ATmega_DFP/1.2.209/gcc/dev/atmega4809/avrxmega3/crtatmega4809.o
                0x00000206                __vector_38
                0x00000206                __vector_22
                0x00000206                __vector_28
                0x00000206                __vector_1
                0x00000206                __vector_32
                0x00000206                __vector_34
                0x00000206                __vector_12
                0x00000206                __bad_interrupt
                0x00000206                __vector_6
                0x00000206                __vector_31
                0x00000206                __vector_35
                0x00000206                __vector_39
                0x00000206                __vector_23
                0x00000206                __vector_30
                0x00000206                __vector_25
                0x00000206                __vector_11
                0x00000206                __vector_13
                0x00000206                __vector_17
                0x00000206                __vector_19
                0x00000206                __vector_7
                0x00000206                __vector_27
                0x00000206                __vector_5
                0x00000206                __vector_33
                0x00000206                __vector_37
                0x00000206                __vector_4
                0x00000206                __vector_9
                0x00000206                __vector_2
                0x00000206                __vector_21
                0x00000206                __vector_15
                0x00000206                __vector_36
                0x00000206                __vector_29
                0x00000206                __vector_8
                0x00000206                __vector_26
                0x00000206                __vector_14
                0x00000206                __vector_10
                0x00000206                __vector_16
                0x00000206                __vector_18
                0x00000206                __vector_20
                0x0000020a                . = ALIGN (0x2)
 *(.text.*)
 .text.atmel_start_init
                0x0000020a       0x14 atmel_start.o
                0x0000020a                atmel_start_init
 .text.PORTB_get_pin_level
                0x0000021e       0x42 main.o
 .text.SW0_get_level
                0x00000260       0x14 main.o
 .text.socketHandler
                0x00000274      0x12c main.o
                0x00000274                socketHandler
 .text.wifiHandler
                0x000003a0       0x88 main.o
                0x000003a0                wifiHandler
 .text.main     0x00000428      0xb9e main.o
                0x00000428                main
 .text.ADC_0_init
                0x00000fc6       0x1a src/adc_basic.o
                0x00000fc6                ADC_0_init
 .text.ADC_0_enable
                0x00000fe0       0x22 src/adc_basic.o
                0x00000fe0                ADC_0_enable
 .text.ADC_0_start_conversion
                0x00001002       0x2a src/adc_basic.o
                0x00001002                ADC_0_start_conversion
 .text.ADC_0_is_conversion_done
                0x0000102c       0x28 src/adc_basic.o
                0x0000102c                ADC_0_is_conversion_done
 .text.ADC_0_get_conversion_result
                0x00001054       0x18 src/adc_basic.o
                0x00001054                ADC_0_get_conversion_result
 .text.ADC_0_get_conversion
                0x0000106c       0x4e src/adc_basic.o
                0x0000106c                ADC_0_get_conversion
 .text.ccp_write_io
                0x000010ba       0x2c src/clkctrl.o
 .text.CLKCTRL_init
                0x000010e6       0x1a src/clkctrl.o
                0x000010e6                CLKCTRL_init
 .text.PORTB_set_pin_pull_mode
                0x00001100       0x62 src/driver_init.o
 .text.PORTB_set_pin_dir
                0x00001162       0xa8 src/driver_init.o
 .text.PORTB_set_pin_level
                0x0000120a       0x74 src/driver_init.o
 .text.PORTD_set_pin_pull_mode
                0x0000127e       0x62 src/driver_init.o
 .text.PORTD_pin_set_isc
                0x000012e0       0x46 src/driver_init.o
 .text.PD6_set_pull_mode
                0x00001326       0x1e src/driver_init.o
 .text.PD6_set_isc
                0x00001344       0x1e src/driver_init.o
 .text.PB0_set_dir
                0x00001362       0x1e src/driver_init.o
 .text.PB0_set_level
                0x00001380       0x1e src/driver_init.o
 .text.PB1_set_pull_mode
                0x0000139e       0x1e src/driver_init.o
 .text.PB1_set_dir
                0x000013bc       0x1e src/driver_init.o
 .text.mcu_init
                0x000013da      0x130 src/driver_init.o
                0x000013da                mcu_init
 .text.USART_0_initialization
                0x0000150a       0x2c src/driver_init.o
                0x0000150a                USART_0_initialization
 .text.ADC_0_initialization
                0x00001536       0x20 src/driver_init.o
                0x00001536                ADC_0_initialization
 .text.system_init
                0x00001556       0x20 src/driver_init.o
                0x00001556                system_init
 .text.write_buffer
                0x00001576       0x54 src/fingerprint.o
                0x00001576                write_buffer
 .text.read_buffer
                0x000015ca       0x60 src/fingerprint.o
                0x000015ca                read_buffer
 .text.copy_buffer
                0x0000162a       0x66 src/fingerprint.o
                0x0000162a                copy_buffer
 .text.send_handshake
                0x00001690      0x14a src/fingerprint.o
                0x00001690                send_handshake
 .text.img      0x000017da      0x13e src/fingerprint.o
                0x000017da                img
 .text.img_to_tz
                0x00001918      0x14e src/fingerprint.o
                0x00001918                img_to_tz
 .text.search_library
                0x00001a66      0x31e src/fingerprint.o
                0x00001a66                search_library
 .text.protected_write_io
                0x00001d84        0xa src/protected_io.o
                0x00001d84                protected_write_io
 .text.SPI_0_init
                0x00001d8e       0x1e src/spi_basic.o
                0x00001d8e                SPI_0_init
 .text.SPI_0_enable
                0x00001dac       0x22 src/spi_basic.o
                0x00001dac                SPI_0_enable
 .text.SPI_0_exchange_byte
                0x00001dce       0x3e src/spi_basic.o
                0x00001dce                SPI_0_exchange_byte
 .text.scheduler_dummy_handler
                0x00001e0c       0x22 src/timeout.o
                0x00001e0c                scheduler_dummy_handler
 .text.scheduler_stop_timeouts
                0x00001e2e       0x36 src/timeout.o
                0x00001e2e                scheduler_stop_timeouts
 .text.scheduler_set_timer_duration
                0x00001e64       0x92 src/timeout.o
                0x00001e64                scheduler_set_timer_duration
 .text.scheduler_start_timer_at_head
                0x00001ef6      0x10c src/timeout.o
                0x00001ef6                scheduler_start_timer_at_head
 .text.scheduler_enqueue_callback
                0x00002002       0x78 src/timeout.o
                0x00002002                scheduler_enqueue_callback
 .text.__vector_3
                0x0000207a       0xd4 src/timeout.o
                0x0000207a                __vector_3
 .text.USART_0_init
                0x0000214e       0x28 src/usart_basic.o
                0x0000214e                USART_0_init
 .text.USART_0_read
                0x00002176       0x24 src/usart_basic.o
                0x00002176                USART_0_read
 .text.USART_0_write
                0x0000219a       0x36 src/usart_basic.o
                0x0000219a                USART_0_write
 .text.PORTA_set_pin_dir
                0x000021d0       0xa8 winc/bsp/source/nm_bsp_mega.o
 .text.PORTA_set_pin_level
                0x00002278       0x74 winc/bsp/source/nm_bsp_mega.o
 .text.PORTC_set_pin_pull_mode
                0x000022ec       0x62 winc/bsp/source/nm_bsp_mega.o
 .text.PORTC_pin_set_isc
                0x0000234e       0x46 winc/bsp/source/nm_bsp_mega.o
 .text.PORTC_set_pin_dir
                0x00002394       0xa8 winc/bsp/source/nm_bsp_mega.o
 .text.PORTC_set_pin_level
                0x0000243c       0x74 winc/bsp/source/nm_bsp_mega.o
 .text.PORTC_get_pin_level
                0x000024b0       0x42 winc/bsp/source/nm_bsp_mega.o
 .text.CONF_WIFI_M2M_RESET_PIN_set_dir
                0x000024f2       0x1e winc/bsp/source/nm_bsp_mega.o
 .text.CONF_WIFI_M2M_RESET_PIN_set_level
                0x00002510       0x1e winc/bsp/source/nm_bsp_mega.o
 .text.CONF_WIFI_M2M_WAKE_PIN_set_dir
                0x0000252e       0x1e winc/bsp/source/nm_bsp_mega.o
 .text.CONF_WIFI_M2M_INT_PIN_set_pull_mode
                0x0000254c       0x1e winc/bsp/source/nm_bsp_mega.o
 .text.CONF_WIFI_M2M_INT_PIN_set_dir
                0x0000256a       0x1e winc/bsp/source/nm_bsp_mega.o
 .text.CONF_WIFI_M2M_INT_PIN_set_isc
                0x00002588       0x1e winc/bsp/source/nm_bsp_mega.o
 .text.CONF_WIFI_M2M_INT_PIN_get_level
                0x000025a6       0x14 winc/bsp/source/nm_bsp_mega.o
 .text.CONF_WIFI_M2M_CHIP_ENABLE_PIN_set_dir
                0x000025ba       0x1e winc/bsp/source/nm_bsp_mega.o
 .text.CONF_WIFI_M2M_CHIP_ENABLE_PIN_set_level
                0x000025d8       0x1e winc/bsp/source/nm_bsp_mega.o
 .text.__vector_24
                0x000025f6       0x86 winc/bsp/source/nm_bsp_mega.o
                0x000025f6                __vector_24
 .text.init_chip_pins
                0x0000267c       0x22 winc/bsp/source/nm_bsp_mega.o
 .text.nm_bsp_init
                0x0000269e       0x22 winc/bsp/source/nm_bsp_mega.o
                0x0000269e                nm_bsp_init
 .text.nm_bsp_reset
                0x000026c0       0x40 winc/bsp/source/nm_bsp_mega.o
                0x000026c0                nm_bsp_reset
 .text.nm_bsp_sleep
                0x00002700      0x130 winc/bsp/source/nm_bsp_mega.o
                0x00002700                nm_bsp_sleep
 .text.nm_bsp_register_isr
                0x00002830       0x40 winc/bsp/source/nm_bsp_mega.o
                0x00002830                nm_bsp_register_isr
 .text.nm_bsp_interrupt_ctrl
                0x00002870       0x2a winc/bsp/source/nm_bsp_mega.o
                0x00002870                nm_bsp_interrupt_ctrl
 .text.PORTA_set_pin_dir
                0x0000289a       0xa8 winc/bus_wrapper/source/nm_bus_wrapper_mega.o
 .text.PORTA_set_pin_level
                0x00002942       0x74 winc/bus_wrapper/source/nm_bus_wrapper_mega.o
 .text.CONF_WIFI_M2M_SPI_MOSI_PIN_set_dir
                0x000029b6       0x1e winc/bus_wrapper/source/nm_bus_wrapper_mega.o
 .text.CONF_WIFI_M2M_SPI_MOSI_PIN_set_level
                0x000029d4       0x1e winc/bus_wrapper/source/nm_bus_wrapper_mega.o
 .text.CONF_WIFI_M2M_SPI_MISO_PIN_set_dir
                0x000029f2       0x1e winc/bus_wrapper/source/nm_bus_wrapper_mega.o
 .text.CONF_WIFI_M2M_SPI_SCK_PIN_set_dir
                0x00002a10       0x1e winc/bus_wrapper/source/nm_bus_wrapper_mega.o
 .text.CONF_WIFI_M2M_SPI_SCK_PIN_set_level
                0x00002a2e       0x1e winc/bus_wrapper/source/nm_bus_wrapper_mega.o
 .text.CONF_WIFI_M2M_SPI_CS_PIN_set_dir
                0x00002a4c       0x1e winc/bus_wrapper/source/nm_bus_wrapper_mega.o
 .text.CONF_WIFI_M2M_SPI_CS_PIN_set_level
                0x00002a6a       0x1e winc/bus_wrapper/source/nm_bus_wrapper_mega.o
 .text.spi_rw   0x00002a88       0xcc winc/bus_wrapper/source/nm_bus_wrapper_mega.o
 .text.nm_bus_init
                0x00002b54       0x62 winc/bus_wrapper/source/nm_bus_wrapper_mega.o
                0x00002b54                nm_bus_init
 .text.nm_bus_ioctl
                0x00002bb6       0x64 winc/bus_wrapper/source/nm_bus_wrapper_mega.o
                0x00002bb6                nm_bus_ioctl
 .text.nm_bus_deinit
                0x00002c1a       0x10 winc/bus_wrapper/source/nm_bus_wrapper_mega.o
                0x00002c1a                nm_bus_deinit
 .text.m2m_memcpy
                0x00002c2a       0x88 winc/common/source/nm_common.o
                0x00002c2a                m2m_memcpy
 .text.m2m_memset
                0x00002cb2       0x76 winc/common/source/nm_common.o
                0x00002cb2                m2m_memset
 .text.m2m_strlen
                0x00002d28       0x46 winc/common/source/nm_common.o
                0x00002d28                m2m_strlen
 .text.isr      0x00002d6e       0x1a winc/driver/source/m2m_hif.o
 .text.hif_set_rx_done
                0x00002d88       0x72 winc/driver/source/m2m_hif.o
 .text.m2m_hif_cb
                0x00002dfa       0x2a winc/driver/source/m2m_hif.o
 .text.hif_chip_wake
                0x00002e24       0x4c winc/driver/source/m2m_hif.o
                0x00002e24                hif_chip_wake
 .text.hif_chip_sleep_sc
                0x00002e70       0x22 winc/driver/source/m2m_hif.o
                0x00002e70                hif_chip_sleep_sc
 .text.hif_chip_sleep
                0x00002e92       0x3e winc/driver/source/m2m_hif.o
                0x00002e92                hif_chip_sleep
 .text.hif_init
                0x00002ed0       0x3e winc/driver/source/m2m_hif.o
                0x00002ed0                hif_init
 .text.hif_send
                0x00002f0e      0x3f0 winc/driver/source/m2m_hif.o
                0x00002f0e                hif_send
 .text.hif_isr  0x000032fe      0x328 winc/driver/source/m2m_hif.o
 .text.hif_handle_isr
                0x00003626       0x36 winc/driver/source/m2m_hif.o
                0x00003626                hif_handle_isr
 .text.hif_receive
                0x0000365c      0x19a winc/driver/source/m2m_hif.o
                0x0000365c                hif_receive
 .text.hif_register_cb
                0x000037f6       0xb4 winc/driver/source/m2m_hif.o
                0x000037f6                hif_register_cb
 .text.m2m_wifi_cb
                0x000038aa      0x544 winc/driver/source/m2m_wifi.o
 .text.m2m_wifi_init
                0x00003dee       0x8e winc/driver/source/m2m_wifi.o
                0x00003dee                m2m_wifi_init
 .text.m2m_wifi_handle_events
                0x00003e7c       0x1c winc/driver/source/m2m_wifi.o
                0x00003e7c                m2m_wifi_handle_events
 .text.m2m_wifi_connect
                0x00003e98       0x4e winc/driver/source/m2m_wifi.o
                0x00003e98                m2m_wifi_connect
 .text.m2m_wifi_connect_sc
                0x00003ee6      0x41a winc/driver/source/m2m_wifi.o
                0x00003ee6                m2m_wifi_connect_sc
 .text.m2m_wifi_request_dhcp_client
                0x00004300       0x10 winc/driver/source/m2m_wifi.o
                0x00004300                m2m_wifi_request_dhcp_client
 .text.chip_apply_conf
                0x00004310       0xb4 winc/driver/source/nmasic.o
                0x00004310                chip_apply_conf
 .text.enable_interrupts
                0x000043c4       0xc4 winc/driver/source/nmasic.o
                0x000043c4                enable_interrupts
 .text.nmi_get_chipid
                0x00004488      0x1e0 winc/driver/source/nmasic.o
                0x00004488                nmi_get_chipid
 .text.chip_sleep
                0x00004668      0x12a winc/driver/source/nmasic.o
                0x00004668                chip_sleep
 .text.chip_wake
                0x00004792      0x16a winc/driver/source/nmasic.o
                0x00004792                chip_wake
 .text.wait_for_bootrom
                0x000048fc      0x20a winc/driver/source/nmasic.o
                0x000048fc                wait_for_bootrom
 .text.wait_for_firmware_start
                0x00004b06      0x12a winc/driver/source/nmasic.o
                0x00004b06                wait_for_firmware_start
 .text.chip_deinit
                0x00004c30       0x6e winc/driver/source/nmasic.o
                0x00004c30                chip_deinit
 .text.nm_bus_iface_init
                0x00004c9e       0x2a winc/driver/source/nmbus.o
                0x00004c9e                nm_bus_iface_init
 .text.nm_bus_iface_deinit
                0x00004cc8       0x1c winc/driver/source/nmbus.o
                0x00004cc8                nm_bus_iface_deinit
 .text.nm_bus_reset
                0x00004ce4       0x18 winc/driver/source/nmbus.o
                0x00004ce4                nm_bus_reset
 .text.nm_read_reg
                0x00004cfc       0x38 winc/driver/source/nmbus.o
                0x00004cfc                nm_read_reg
 .text.nm_read_reg_with_ret
                0x00004d34       0x3c winc/driver/source/nmbus.o
                0x00004d34                nm_read_reg_with_ret
 .text.nm_write_reg
                0x00004d70       0x42 winc/driver/source/nmbus.o
                0x00004d70                nm_write_reg
 .text.p_nm_read_block
                0x00004db2       0x42 winc/driver/source/nmbus.o
 .text.nm_read_block
                0x00004df4      0x144 winc/driver/source/nmbus.o
                0x00004df4                nm_read_block
 .text.p_nm_write_block
                0x00004f38       0x42 winc/driver/source/nmbus.o
 .text.nm_write_block
                0x00004f7a      0x144 winc/driver/source/nmbus.o
                0x00004f7a                nm_write_block
 .text.nm_get_firmware_full_info
                0x000050be      0x1f8 winc/driver/source/nmdrv.o
                0x000050be                nm_get_firmware_full_info
 .text.nm_drv_init
                0x000052b6       0xa6 winc/driver/source/nmdrv.o
                0x000052b6                nm_drv_init
 .text.nm_drv_deinit
                0x0000535c       0x54 winc/driver/source/nmdrv.o
                0x0000535c                nm_drv_deinit
 .text.nmi_spi_read
                0x000053b0       0x42 winc/driver/source/nmspi.o
 .text.nmi_spi_write
                0x000053f2       0x42 winc/driver/source/nmspi.o
 .text.crc7_byte
                0x00005434       0x48 winc/driver/source/nmspi.o
 .text.crc7     0x0000547c       0x6c winc/driver/source/nmspi.o
 .text.spi_cmd  0x000054e8      0x2d0 winc/driver/source/nmspi.o
 .text.spi_data_rsp
                0x000057b8       0x84 winc/driver/source/nmspi.o
 .text.spi_cmd_rsp
                0x0000583c       0x9c winc/driver/source/nmspi.o
 .text.spi_data_read
                0x000058d8      0x116 winc/driver/source/nmspi.o
 .text.spi_data_write
                0x000059ee      0x106 winc/driver/source/nmspi.o
 .text.spi_write_reg
                0x00005af4      0x100 winc/driver/source/nmspi.o
 .text.nm_spi_write
                0x00005bf4      0x114 winc/driver/source/nmspi.o
 .text.spi_read_reg
                0x00005d08      0x186 winc/driver/source/nmspi.o
 .text.nm_spi_read
                0x00005e8e      0x12e winc/driver/source/nmspi.o
 .text.spi_init_pkt_sz
                0x00005fbc       0x70 winc/driver/source/nmspi.o
 .text.nm_spi_reset
                0x0000602c       0x4c winc/driver/source/nmspi.o
                0x0000602c                nm_spi_reset
 .text.nm_spi_init
                0x00006078       0xe0 winc/driver/source/nmspi.o
                0x00006078                nm_spi_init
 .text.nm_spi_deinit
                0x00006158       0x14 winc/driver/source/nmspi.o
                0x00006158                nm_spi_deinit
 .text.nm_spi_read_reg
                0x0000616c       0x46 winc/driver/source/nmspi.o
                0x0000616c                nm_spi_read_reg
 .text.nm_spi_read_reg_with_ret
                0x000061b2       0x4e winc/driver/source/nmspi.o
                0x000061b2                nm_spi_read_reg_with_ret
 .text.nm_spi_write_reg
                0x00006200       0x54 winc/driver/source/nmspi.o
                0x00006200                nm_spi_write_reg
 .text.nm_spi_read_block
                0x00006254       0x54 winc/driver/source/nmspi.o
                0x00006254                nm_spi_read_block
 .text.nm_spi_write_block
                0x000062a8       0x54 winc/driver/source/nmspi.o
                0x000062a8                nm_spi_write_block
 .text.Socket_ReadSocketData
                0x000062fc      0x26a winc/socket/source/socket.o
                0x000062fc                Socket_ReadSocketData
 .text.m2m_ip_cb
                0x00006566      0x788 winc/socket/source/socket.o
 .text.socketInit
                0x00006cee       0x42 winc/socket/source/socket.o
                0x00006cee                socketInit
 .text.registerSocketCallback
                0x00006d30       0x3a winc/socket/source/socket.o
                0x00006d30                registerSocketCallback
 .text.socket   0x00006d6a      0x1c4 winc/socket/source/socket.o
                0x00006d6a                socket
 .text.connect  0x00006f2e      0x12e winc/socket/source/socket.o
                0x00006f2e                connect
 .text.send     0x0000705c      0x166 winc/socket/source/socket.o
                0x0000705c                send
 .text.recv     0x000071c2      0x1d4 winc/socket/source/socket.o
                0x000071c2                recv
 .text.close    0x00007396      0x144 winc/socket/source/socket.o
                0x00007396                close
 .text.spi_flash_enter_low_power_mode
                0x000074da       0xb4 winc/spi_flash/source/spi_flash.o
 .text.spi_flash_leave_low_power_mode
                0x0000758e       0xb4 winc/spi_flash/source/spi_flash.o
 .text.spi_flash_enable
                0x00007642       0xee winc/spi_flash/source/spi_flash.o
                0x00007642                spi_flash_enable
 .text.avr-libc.fplib
                0x00007730        0xa c:/program files (x86)/atmel/studio/7.0/toolchain/avr8/avr8-gnu-toolchain/bin/../lib/gcc/avr/5.4.0/../../../../avr/lib/avrxmega3\libm.a(cmpsf2.o)
                0x00007730                __nesf2
                0x00007730                __eqsf2
                0x00007730                __cmpsf2
                0x00007730                __ltsf2
                0x00007730                __lesf2
 .text.avr-libc.fplib
                0x0000773a       0x5e c:/program files (x86)/atmel/studio/7.0/toolchain/avr8/avr8-gnu-toolchain/bin/../lib/gcc/avr/5.4.0/../../../../avr/lib/avrxmega3\libm.a(fixunssfsi.o)
                0x0000773a                __fixunssfsi
 .text.avr-libc.fplib
                0x00007798       0x48 c:/program files (x86)/atmel/studio/7.0/toolchain/avr8/avr8-gnu-toolchain/bin/../lib/gcc/avr/5.4.0/../../../../avr/lib/avrxmega3\libm.a(fp_cmp.o)
                0x00007798                __fp_cmp
 .text.avr-libc.fplib
                0x000077e0       0x44 c:/program files (x86)/atmel/studio/7.0/toolchain/avr8/avr8-gnu-toolchain/bin/../lib/gcc/avr/5.4.0/../../../../avr/lib/avrxmega3\libm.a(fp_split3.o)
                0x000077e0                __fp_split3
                0x000077f0                __fp_splitA
 .text.avr-libc.fplib
                0x00007824        0xe c:/program files (x86)/atmel/studio/7.0/toolchain/avr8/avr8-gnu-toolchain/bin/../lib/gcc/avr/5.4.0/../../../../avr/lib/avrxmega3\libm.a(fp_zero.o)
                0x00007824                __fp_zero
                0x00007826                __fp_szero
 .text.avr-libc.fplib
                0x00007832        0xa c:/program files (x86)/atmel/studio/7.0/toolchain/avr8/avr8-gnu-toolchain/bin/../lib/gcc/avr/5.4.0/../../../../avr/lib/avrxmega3\libm.a(gesf2.o)
                0x00007832                __gesf2
                0x00007832                __gtsf2
 .text.avr-libc.fplib
                0x0000783c        0x8 c:/program files (x86)/atmel/studio/7.0/toolchain/avr8/avr8-gnu-toolchain/bin/../lib/gcc/avr/5.4.0/../../../../avr/lib/avrxmega3\libm.a(mulsf3.o)
                0x0000783c                __mulsf3
 .text.avr-libc.fplib
                0x00007844       0xd2 c:/program files (x86)/atmel/studio/7.0/toolchain/avr8/avr8-gnu-toolchain/bin/../lib/gcc/avr/5.4.0/../../../../avr/lib/avrxmega3\libm.a(mulsf3x.o)
                0x00007862                __mulsf3x
                0x00007868                __mulsf3_pse
 .text.avr-libc.fplib
                0x00007916        0xc c:/program files (x86)/atmel/studio/7.0/toolchain/avr8/avr8-gnu-toolchain/bin/../lib/gcc/avr/5.4.0/../../../../avr/lib/avrxmega3\libm.a(fp_inf.o)
                0x00007916                __fp_inf
 .text.avr-libc.fplib
                0x00007922        0x6 c:/program files (x86)/atmel/studio/7.0/toolchain/avr8/avr8-gnu-toolchain/bin/../lib/gcc/avr/5.4.0/../../../../avr/lib/avrxmega3\libm.a(fp_nan.o)
                0x00007922                __fp_nan
 .text.avr-libc.fplib
                0x00007928        0xe c:/program files (x86)/atmel/studio/7.0/toolchain/avr8/avr8-gnu-toolchain/bin/../lib/gcc/avr/5.4.0/../../../../avr/lib/avrxmega3\libm.a(fp_pscA.o)
                0x00007928                __fp_pscA
 .text.avr-libc.fplib
                0x00007936        0xe c:/program files (x86)/atmel/studio/7.0/toolchain/avr8/avr8-gnu-toolchain/bin/../lib/gcc/avr/5.4.0/../../../../avr/lib/avrxmega3\libm.a(fp_pscB.o)
                0x00007936                __fp_pscB
 .text.avr-libc.fplib
                0x00007944       0x22 c:/program files (x86)/atmel/studio/7.0/toolchain/avr8/avr8-gnu-toolchain/bin/../lib/gcc/avr/5.4.0/../../../../avr/lib/avrxmega3\libm.a(fp_round.o)
                0x00007944                __fp_round
 .text.libgcc.div
                0x00007966       0x28 c:/program files (x86)/atmel/studio/7.0/toolchain/avr8/avr8-gnu-toolchain/bin/../lib/gcc/avr/5.4.0/avrxmega3\libgcc.a(_divmodhi4.o)
                0x00007966                _div
                0x00007966                __divmodhi4
 .text.libgcc   0x0000798e        0xc c:/program files (x86)/atmel/studio/7.0/toolchain/avr8/avr8-gnu-toolchain/bin/../lib/gcc/avr/5.4.0/avrxmega3\libgcc.a(_tablejump2.o)
                0x0000798e                __tablejump2__
 .text.libgcc.div
                0x0000799a       0x28 c:/program files (x86)/atmel/studio/7.0/toolchain/avr8/avr8-gnu-toolchain/bin/../lib/gcc/avr/5.4.0/avrxmega3\libgcc.a(_udivmodhi4.o)
                0x0000799a                __udivmodhi4
 .text.avr-libc
                0x000079c2        0xe c:/program files (x86)/atmel/studio/7.0/toolchain/avr8/avr8-gnu-toolchain/bin/../lib/gcc/avr/5.4.0/../../../../avr/lib/avrxmega3\libc.a(memset.o)
                0x000079c2                memset
 .text.avr-libc
                0x000079d0       0x12 c:/program files (x86)/atmel/studio/7.0/toolchain/avr8/avr8-gnu-toolchain/bin/../lib/gcc/avr/5.4.0/../../../../avr/lib/avrxmega3\libc.a(strlen.o)
                0x000079d0                strlen
 .text.avr-libc
                0x000079e2       0x44 c:/program files (x86)/atmel/studio/7.0/toolchain/avr8/avr8-gnu-toolchain/bin/../lib/gcc/avr/5.4.0/../../../../avr/lib/avrxmega3\libc.a(sprintf.o)
                0x000079e2                sprintf
 .text.avr-libc
                0x00007a26      0x3c2 c:/program files (x86)/atmel/studio/7.0/toolchain/avr8/avr8-gnu-toolchain/bin/../lib/gcc/avr/5.4.0/../../../../avr/lib/avrxmega3\libc.a(vfprintf_std.o)
                0x00007a26                vfprintf
 .text.avr-libc
                0x00007de8       0x16 c:/program files (x86)/atmel/studio/7.0/toolchain/avr8/avr8-gnu-toolchain/bin/../lib/gcc/avr/5.4.0/../../../../avr/lib/avrxmega3\libc.a(strnlen_P.o)
                0x00007de8                strnlen_P
 .text.avr-libc
                0x00007dfe       0x16 c:/program files (x86)/atmel/studio/7.0/toolchain/avr8/avr8-gnu-toolchain/bin/../lib/gcc/avr/5.4.0/../../../../avr/lib/avrxmega3\libc.a(strnlen.o)
                0x00007dfe                strnlen
 .text.avr-libc
                0x00007e14       0x78 c:/program files (x86)/atmel/studio/7.0/toolchain/avr8/avr8-gnu-toolchain/bin/../lib/gcc/avr/5.4.0/../../../../avr/lib/avrxmega3\libc.a(fputc.o)
                0x00007e14                fputc
 .text.avr-libc
                0x00007e8c       0xbc c:/program files (x86)/atmel/studio/7.0/toolchain/avr8/avr8-gnu-toolchain/bin/../lib/gcc/avr/5.4.0/../../../../avr/lib/avrxmega3\libc.a(ultoa_invert.o)
                0x00007e8c                __ultoa_invert
 .text.libgcc.prologue
                0x00007f48       0x32 c:/program files (x86)/atmel/studio/7.0/toolchain/avr8/avr8-gnu-toolchain/bin/../lib/gcc/avr/5.4.0/avrxmega3\libgcc.a(_prologue.o)
                0x00007f48                __prologue_saves__
 .text.libgcc.prologue
                0x00007f7a       0x30 c:/program files (x86)/atmel/studio/7.0/toolchain/avr8/avr8-gnu-toolchain/bin/../lib/gcc/avr/5.4.0/avrxmega3\libgcc.a(_epilogue.o)
                0x00007f7a                __epilogue_restores__
                0x00007faa                . = ALIGN (0x2)
 *(.fini9)
 .fini9         0x00007faa        0x0 c:/program files (x86)/atmel/studio/7.0/toolchain/avr8/avr8-gnu-toolchain/bin/../lib/gcc/avr/5.4.0/avrxmega3\libgcc.a(_exit.o)
                0x00007faa                _exit
                0x00007faa                exit
 *(.fini9)
 *(.fini8)
 *(.fini8)
 *(.fini7)
 *(.fini7)
 *(.fini6)
 *(.fini6)
 *(.fini5)
 *(.fini5)
 *(.fini4)
 *(.fini4)
 *(.fini3)
 *(.fini3)
 *(.fini2)
 *(.fini2)
 *(.fini1)
 *(.fini1)
 *(.fini0)
 .fini0         0x00007faa        0x4 c:/program files (x86)/atmel/studio/7.0/toolchain/avr8/avr8-gnu-toolchain/bin/../lib/gcc/avr/5.4.0/avrxmega3\libgcc.a(_exit.o)
 *(.fini0)
                0x00007fae                _etext = .

.rodata         0x0000bfae      0x146 load address 0x00007fae
 *(.rodata)
 .rodata        0x0000bfae      0x146 main.o
 *(.rodata*)
 *(.gnu.linkonce.r*)

.data           0x00802800        0xe load address 0x000080f4
                0x00802800                PROVIDE (__data_start, .)
 *(.data)
 *(.data*)
 .data.tcp_client_socket
                0x00802800        0x1 main.o
 .data.scheduler_dummy
                0x00802801        0xa src/timeout.o
                0x00802801                scheduler_dummy
 .data.egstrNmBusCapabilities
                0x0080280b        0x2 winc/bus_wrapper/source/nm_bus_wrapper_mega.o
                0x0080280b                egstrNmBusCapabilities
 *(.gnu.linkonce.d*)
                0x0080280e                . = ALIGN (0x2)
 *fill*         0x0080280d        0x1 
                0x0080280e                _edata = .
                0x0080280e                PROVIDE (__data_end, .)

.bss            0x0080280e      0x121
                0x0080280e                PROVIDE (__bss_start, .)
 *(.bss)
 *(.bss*)
 .bss.wifi_connected
                0x0080280e        0x1 main.o
 .bss.socket_connected
                0x0080280f        0x1 main.o
 .bss.SPI_0_desc
                0x00802810        0x1 src/spi_basic.o
 .bss.scheduler_list_head
                0x00802811        0x2 src/timeout.o
                0x00802811                scheduler_list_head
 .bss.scheduler_execute_queue_head
                0x00802813        0x2 src/timeout.o
                0x00802813                scheduler_execute_queue_head
 .bss.scheduler_absolute_time_of_last_timeout
                0x00802815        0x4 src/timeout.o
                0x00802815                scheduler_absolute_time_of_last_timeout
 .bss.scheduler_last_timer_load
                0x00802819        0x4 src/timeout.o
                0x00802819                scheduler_last_timer_load
 .bss.scheduler_is_running
                0x0080281d        0x1 src/timeout.o
                0x0080281d                scheduler_is_running
 .bss.gpfIsr    0x0080281e        0x2 winc/bsp/source/nm_bsp_mega.o
 .bss.gu8ChNum  0x00802820        0x1 winc/driver/source/m2m_wifi.o
 .bss.gu8scanInProgress
                0x00802821        0x1 winc/driver/source/m2m_wifi.o
 .bss.gpfAppWifiCb
                0x00802822        0x2 winc/driver/source/m2m_wifi.o
 .bss.chipid.2327
                0x00802824        0x4 winc/driver/source/nmasic.o
 .bss.gu8Crc_off
                0x00802828        0x1 winc/driver/source/nmspi.o
 .bss.gu16SessionID
                0x00802829        0x2 winc/socket/source/socket.o
                0x00802829                gu16SessionID
 .bss.gbSocketInit
                0x0080282b        0x1 winc/socket/source/socket.o
                0x0080282b                gbSocketInit
 .bss.u8NextTcpSock.2561
                0x0080282c        0x1 winc/socket/source/socket.o
 .bss.u8NextUdpSock.2562
                0x0080282d        0x1 winc/socket/source/socket.o
 *(COMMON)
 COMMON         0x0080282e       0x64 main.o
                0x0080282e                recv_buff
                0x00802860                send_buff
 COMMON         0x00802892       0x1a winc/driver/source/m2m_hif.o
                0x00802892                gstrHifCxt
 COMMON         0x008028ac       0x83 winc/socket/source/socket.o
                0x008028ac                gu16BufferSize
                0x008028ae                gsockerrno
                0x008028af                gu8OpCode
                0x008028b0                gastrSockets
                0x00802929                gpfAppSocketCb
                0x0080292b                gfpPingCb
                0x0080292d                gpfAppResolveCb
                0x0080292f                PROVIDE (__bss_end, .)
                0x000080f4                __data_load_start = LOADADDR (.data)
                0x00008102                __data_load_end = (__data_load_start + SIZEOF (.data))

.noinit         0x0080292f        0x0
                [!provide]                PROVIDE (__noinit_start, .)
 *(.noinit*)
                [!provide]                PROVIDE (__noinit_end, .)
                0x0080292f                _end = .
                [!provide]                PROVIDE (__heap_start, .)

.eeprom         0x00810000        0x0
 *(.eeprom*)
                0x00810000                __eeprom_end = .

.fuse
 *(.fuse)
 *(.lfuse)
 *(.hfuse)
 *(.efuse)

.lock
 *(.lock*)

.signature
 *(.signature*)

.user_signatures
 *(.user_signatures*)

.stab
 *(.stab)

.stabstr
 *(.stabstr)

.stab.excl
 *(.stab.excl)

.stab.exclstr
 *(.stab.exclstr)

.stab.index
 *(.stab.index)

.stab.indexstr
 *(.stab.indexstr)

.comment        0x00000000       0x5c
 *(.comment)
 .comment       0x00000000       0x30 atmel_start.o
                                 0x31 (size before relaxing)
 .comment       0x00000030       0x31 main.o
 .comment       0x00000030       0x31 src/adc_basic.o
 .comment       0x00000030       0x31 src/clkctrl.o
 .comment       0x00000030       0x31 src/driver_init.o
 .comment       0x00000030       0x31 src/fingerprint.o
 .comment       0x00000030       0x31 src/spi_basic.o
 .comment       0x00000030       0x31 src/timeout.o
 .comment       0x00000030       0x31 src/usart_basic.o
 .comment       0x00000030       0x31 winc/bsp/source/nm_bsp_mega.o
 .comment       0x00000030       0x31 winc/bus_wrapper/source/nm_bus_wrapper_mega.o
 .comment       0x00000030       0x31 winc/common/source/nm_common.o
 .comment       0x00000030       0x31 winc/driver/source/m2m_hif.o
 .comment       0x00000030       0x31 winc/driver/source/m2m_wifi.o
 .comment       0x00000030       0x31 winc/driver/source/nmasic.o
 .comment       0x00000030       0x31 winc/driver/source/nmbus.o
 .comment       0x00000030       0x31 winc/driver/source/nmdrv.o
 .comment       0x00000030       0x31 winc/driver/source/nmspi.o
 .comment       0x00000030       0x31 winc/socket/source/socket.o
 .comment       0x00000030       0x31 winc/spi_flash/source/spi_flash.o
 .comment       0x00000030       0x31 c:/program files (x86)/atmel/studio/7.0/toolchain/avr8/avr8-gnu-toolchain/bin/../lib/gcc/avr/5.4.0/../../../../avr/lib/avrxmega3\libc.a(sprintf.o)
 .comment       0x00000030       0x2c c:/program files (x86)/atmel/studio/7.0/toolchain/avr8/avr8-gnu-toolchain/bin/../lib/gcc/avr/5.4.0/../../../../avr/lib/avrxmega3\libc.a(vfprintf_std.o)
                                 0x2d (size before relaxing)
 .comment       0x0000005c       0x31 c:/program files (x86)/atmel/studio/7.0/toolchain/avr8/avr8-gnu-toolchain/bin/../lib/gcc/avr/5.4.0/../../../../avr/lib/avrxmega3\libc.a(fputc.o)

.note.gnu.avr.deviceinfo
                0x00000000       0x40
 .note.gnu.avr.deviceinfo
                0x00000000       0x40 C:/Program Files (x86)/Atmel/Studio/7.0/Packs/Atmel/ATmega_DFP/1.2.209/gcc/dev/atmega4809/avrxmega3/crtatmega4809.o

.note.gnu.build-id
 *(.note.gnu.build-id)

.debug
 *(.debug)

.line
 *(.line)

.debug_srcinfo
 *(.debug_srcinfo)

.debug_sfnames
 *(.debug_sfnames)

.debug_aranges  0x00000000      0xb30
 *(.debug_aranges)
 .debug_aranges
                0x00000000       0x20 atmel_start.o
 .debug_aranges
                0x00000020       0x40 main.o
 .debug_aranges
                0x00000060       0x58 src/adc_basic.o
 .debug_aranges
                0x000000b8       0x28 src/clkctrl.o
 .debug_aranges
                0x000000e0       0xe0 src/driver_init.o
 .debug_aranges
                0x000001c0       0x50 src/fingerprint.o
 .debug_aranges
                0x00000210       0x20 src/protected_io.o
 .debug_aranges
                0x00000230       0x50 src/spi_basic.o
 .debug_aranges
                0x00000280       0x98 src/timeout.o
 .debug_aranges
                0x00000318       0x78 src/usart_basic.o
 .debug_aranges
                0x00000390       0xd8 winc/bsp/source/nm_bsp_mega.o
 .debug_aranges
                0x00000468       0x88 winc/bus_wrapper/source/nm_bus_wrapper_mega.o
 .debug_aranges
                0x000004f0       0x50 winc/common/source/nm_common.o
 .debug_aranges
                0x00000540       0x90 winc/driver/source/m2m_hif.o
 .debug_aranges
                0x000005d0      0x1d0 winc/driver/source/m2m_wifi.o
 .debug_aranges
                0x000007a0       0xb0 winc/driver/source/nmasic.o
 .debug_aranges
                0x00000850       0x70 winc/driver/source/nmbus.o
 .debug_aranges
                0x000008c0       0x48 winc/driver/source/nmdrv.o
 .debug_aranges
                0x00000908       0xc8 winc/driver/source/nmspi.o
 .debug_aranges
                0x000009d0       0xc8 winc/socket/source/socket.o
 .debug_aranges
                0x00000a98       0x98 winc/spi_flash/source/spi_flash.o

.debug_pubnames
 *(.debug_pubnames)

.debug_info     0x00000000     0xcc26
 *(.debug_info .gnu.linkonce.wi.*)
 .debug_info    0x00000000     0x2517 C:/Program Files (x86)/Atmel/Studio/7.0/Packs/Atmel/ATmega_DFP/1.2.209/gcc/dev/atmega4809/avrxmega3/crtatmega4809.o
 .debug_info    0x00002517       0x7f atmel_start.o
 .debug_info    0x00002596      0xca4 main.o
 .debug_info    0x0000323a      0x44c src/adc_basic.o
 .debug_info    0x00003686      0x34c src/clkctrl.o
 .debug_info    0x000039d2      0x875 src/driver_init.o
 .debug_info    0x00004247      0x787 src/fingerprint.o
 .debug_info    0x000049ce       0x9f src/protected_io.o
 .debug_info    0x00004a6d      0x2e9 src/spi_basic.o
 .debug_info    0x00004d56      0x81a src/timeout.o
 .debug_info    0x00005570      0x361 src/usart_basic.o
 .debug_info    0x000058d1      0x87c winc/bsp/source/nm_bsp_mega.o
 .debug_info    0x0000614d      0x70d winc/bus_wrapper/source/nm_bus_wrapper_mega.o
 .debug_info    0x0000685a      0x2ae winc/common/source/nm_common.o
 .debug_info    0x00006b08      0x6b1 winc/driver/source/m2m_hif.o
 .debug_info    0x000071b9     0x233b winc/driver/source/m2m_wifi.o
 .debug_info    0x000094f4      0x6ab winc/driver/source/nmasic.o
 .debug_info    0x00009b9f      0x3ad winc/driver/source/nmbus.o
 .debug_info    0x00009f4c      0x454 winc/driver/source/nmdrv.o
 .debug_info    0x0000a3a0      0x9f0 winc/driver/source/nmspi.o
 .debug_info    0x0000ad90     0x17b3 winc/socket/source/socket.o
 .debug_info    0x0000c543      0x6e3 winc/spi_flash/source/spi_flash.o

.debug_abbrev   0x00000000     0x432c
 *(.debug_abbrev)
 .debug_abbrev  0x00000000     0x2320 C:/Program Files (x86)/Atmel/Studio/7.0/Packs/Atmel/ATmega_DFP/1.2.209/gcc/dev/atmega4809/avrxmega3/crtatmega4809.o
 .debug_abbrev  0x00002320       0x44 atmel_start.o
 .debug_abbrev  0x00002364      0x252 main.o
 .debug_abbrev  0x000025b6      0x169 src/adc_basic.o
 .debug_abbrev  0x0000271f       0xcb src/clkctrl.o
 .debug_abbrev  0x000027ea      0x1c4 src/driver_init.o
 .debug_abbrev  0x000029ae      0x128 src/fingerprint.o
 .debug_abbrev  0x00002ad6       0x14 src/protected_io.o
 .debug_abbrev  0x00002aea      0x155 src/spi_basic.o
 .debug_abbrev  0x00002c3f      0x242 src/timeout.o
 .debug_abbrev  0x00002e81      0x166 src/usart_basic.o
 .debug_abbrev  0x00002fe7      0x288 winc/bsp/source/nm_bsp_mega.o
 .debug_abbrev  0x0000326f      0x209 winc/bus_wrapper/source/nm_bus_wrapper_mega.o
 .debug_abbrev  0x00003478       0xf3 winc/common/source/nm_common.o
 .debug_abbrev  0x0000356b      0x217 winc/driver/source/m2m_hif.o
 .debug_abbrev  0x00003782      0x239 winc/driver/source/m2m_wifi.o
 .debug_abbrev  0x000039bb      0x1c2 winc/driver/source/nmasic.o
 .debug_abbrev  0x00003b7d      0x142 winc/driver/source/nmbus.o
 .debug_abbrev  0x00003cbf      0x14a winc/driver/source/nmdrv.o
 .debug_abbrev  0x00003e09      0x1bb winc/driver/source/nmspi.o
 .debug_abbrev  0x00003fc4      0x219 winc/socket/source/socket.o
 .debug_abbrev  0x000041dd      0x14f winc/spi_flash/source/spi_flash.o

.debug_line     0x00000000     0x75a2
 *(.debug_line .debug_line.* .debug_line_end)
 .debug_line    0x00000000      0x187 C:/Program Files (x86)/Atmel/Studio/7.0/Packs/Atmel/ATmega_DFP/1.2.209/gcc/dev/atmega4809/avrxmega3/crtatmega4809.o
 .debug_line    0x00000187       0x4a atmel_start.o
 .debug_line    0x000001d1      0x73a main.o
 .debug_line    0x0000090b      0x24d src/adc_basic.o
 .debug_line    0x00000b58      0x144 src/clkctrl.o
 .debug_line    0x00000c9c      0x636 src/driver_init.o
 .debug_line    0x000012d2      0x40f src/fingerprint.o
 .debug_line    0x000016e1       0x5b src/protected_io.o
 .debug_line    0x0000173c      0x290 src/spi_basic.o
 .debug_line    0x000019cc      0x5c4 src/timeout.o
 .debug_line    0x00001f90      0x2bb src/usart_basic.o
 .debug_line    0x0000224b      0x61f winc/bsp/source/nm_bsp_mega.o
 .debug_line    0x0000286a      0x475 winc/bus_wrapper/source/nm_bus_wrapper_mega.o
 .debug_line    0x00002cdf      0x266 winc/common/source/nm_common.o
 .debug_line    0x00002f45      0x716 winc/driver/source/m2m_hif.o
 .debug_line    0x0000365b     0x10c7 winc/driver/source/m2m_wifi.o
 .debug_line    0x00004722      0x84b winc/driver/source/nmasic.o
 .debug_line    0x00004f6d      0x289 winc/driver/source/nmbus.o
 .debug_line    0x000051f6      0x441 winc/driver/source/nmdrv.o
 .debug_line    0x00005637      0xacb winc/driver/source/nmspi.o
 .debug_line    0x00006102      0xd2e winc/socket/source/socket.o
 .debug_line    0x00006e30      0x772 winc/spi_flash/source/spi_flash.o

.debug_frame    0x00000000     0x3064
 *(.debug_frame)
 .debug_frame   0x00000000       0x34 atmel_start.o
 .debug_frame   0x00000034       0xf8 main.o
 .debug_frame   0x0000012c      0x114 src/adc_basic.o
 .debug_frame   0x00000240       0x54 src/clkctrl.o
 .debug_frame   0x00000294      0x334 src/driver_init.o
 .debug_frame   0x000005c8      0x150 src/fingerprint.o
 .debug_frame   0x00000718       0xf4 src/spi_basic.o
 .debug_frame   0x0000080c      0x2ac src/timeout.o
 .debug_frame   0x00000ab8      0x194 src/usart_basic.o
 .debug_frame   0x00000c4c      0x358 winc/bsp/source/nm_bsp_mega.o
 .debug_frame   0x00000fa4      0x1d4 winc/bus_wrapper/source/nm_bus_wrapper_mega.o
 .debug_frame   0x00001178       0xf4 winc/common/source/nm_common.o
 .debug_frame   0x0000126c      0x234 winc/driver/source/m2m_hif.o
 .debug_frame   0x000014a0      0xbb8 winc/driver/source/m2m_wifi.o
 .debug_frame   0x00002058      0x28c winc/driver/source/nmasic.o
 .debug_frame   0x000022e4      0x19c winc/driver/source/nmbus.o
 .debug_frame   0x00002480       0xec winc/driver/source/nmdrv.o
 .debug_frame   0x0000256c      0x3a8 winc/driver/source/nmspi.o
 .debug_frame   0x00002914      0x4cc winc/socket/source/socket.o
 .debug_frame   0x00002de0      0x284 winc/spi_flash/source/spi_flash.o

.debug_str      0x00000000     0x591f
 *(.debug_str)
 .debug_str     0x00000000      0xfc0 C:/Program Files (x86)/Atmel/Studio/7.0/Packs/Atmel/ATmega_DFP/1.2.209/gcc/dev/atmega4809/avrxmega3/crtatmega4809.o
 .debug_str     0x00000fc0      0x173 atmel_start.o
                                0x1a7 (size before relaxing)
 .debug_str     0x00001133      0x958 main.o
                                0xb3e (size before relaxing)
 .debug_str     0x00001a8b      0x1c9 src/adc_basic.o
                                0x533 (size before relaxing)
 .debug_str     0x00001c54      0x2b2 src/clkctrl.o
                                0x49f (size before relaxing)
 .debug_str     0x00001f06      0x3e6 src/driver_init.o
                                0x650 (size before relaxing)
 .debug_str     0x000022ec      0x150 src/fingerprint.o
                                0x33a (size before relaxing)
 .debug_str     0x0000243c      0x175 src/spi_basic.o
                                0x36a (size before relaxing)
 .debug_str     0x000025b1      0x577 src/timeout.o
                                0x84c (size before relaxing)
 .debug_str     0x00002b28      0x19d src/usart_basic.o
                                0x39d (size before relaxing)
 .debug_str     0x00002cc5      0x255 winc/bsp/source/nm_bsp_mega.o
                                0x703 (size before relaxing)
 .debug_str     0x00002f1a      0x17f winc/bus_wrapper/source/nm_bus_wrapper_mega.o
                                0x5fb (size before relaxing)
 .debug_str     0x00003099       0xcf winc/common/source/nm_common.o
                                0x24e (size before relaxing)
 .debug_str     0x00003168      0x31f winc/driver/source/m2m_hif.o
                                0x4d5 (size before relaxing)
 .debug_str     0x00003487     0x1591 winc/driver/source/m2m_wifi.o
                               0x1d5a (size before relaxing)
 .debug_str     0x00004a18      0x200 winc/driver/source/nmasic.o
                                0x452 (size before relaxing)
 .debug_str     0x00004c18       0xe1 winc/driver/source/nmbus.o
                                0x2ca (size before relaxing)
 .debug_str     0x00004cf9       0xcc winc/driver/source/nmdrv.o
                                0x3c9 (size before relaxing)
 .debug_str     0x00004dc5      0x1c3 winc/driver/source/nmspi.o
                                0x425 (size before relaxing)
 .debug_str     0x00004f88      0x7ac winc/socket/source/socket.o
                                0xcba (size before relaxing)
 .debug_str     0x00005734      0x1eb winc/spi_flash/source/spi_flash.o
                                0x3ac (size before relaxing)

.debug_loc      0x00000000     0x688d
 *(.debug_loc)
 .debug_loc     0x00000000       0x3b atmel_start.o
 .debug_loc     0x0000003b      0x1f5 main.o
 .debug_loc     0x00000230      0x1f2 src/adc_basic.o
 .debug_loc     0x00000422       0x83 src/clkctrl.o
 .debug_loc     0x000004a5      0x6d3 src/driver_init.o
 .debug_loc     0x00000b78      0x2dc src/fingerprint.o
 .debug_loc     0x00000e54      0x1ce src/spi_basic.o
 .debug_loc     0x00001022      0x5d8 src/timeout.o
 .debug_loc     0x000015fa      0x2de src/usart_basic.o
 .debug_loc     0x000018d8      0x727 winc/bsp/source/nm_bsp_mega.o
 .debug_loc     0x00001fff      0x3e1 winc/bus_wrapper/source/nm_bus_wrapper_mega.o
 .debug_loc     0x000023e0      0x1f2 winc/common/source/nm_common.o
 .debug_loc     0x000025d2      0x4a8 winc/driver/source/m2m_hif.o
 .debug_loc     0x00002a7a     0x1ac4 winc/driver/source/m2m_wifi.o
 .debug_loc     0x0000453e      0x574 winc/driver/source/nmasic.o
 .debug_loc     0x00004ab2      0x37a winc/driver/source/nmbus.o
 .debug_loc     0x00004e2c      0x1e1 winc/driver/source/nmdrv.o
 .debug_loc     0x0000500d      0x826 winc/driver/source/nmspi.o
 .debug_loc     0x00005833      0xacc winc/socket/source/socket.o
 .debug_loc     0x000062ff      0x58e winc/spi_flash/source/spi_flash.o

.debug_macinfo
 *(.debug_macinfo)

.debug_weaknames
 *(.debug_weaknames)

.debug_funcnames
 *(.debug_funcnames)

.debug_typenames
 *(.debug_typenames)

.debug_varnames
 *(.debug_varnames)

.debug_pubtypes
 *(.debug_pubtypes)

.debug_ranges   0x00000000      0xab8
 *(.debug_ranges)
 .debug_ranges  0x00000000       0x10 atmel_start.o
 .debug_ranges  0x00000010       0x48 main.o
 .debug_ranges  0x00000058       0x48 src/adc_basic.o
 .debug_ranges  0x000000a0       0x18 src/clkctrl.o
 .debug_ranges  0x000000b8       0xd0 src/driver_init.o
 .debug_ranges  0x00000188       0x40 src/fingerprint.o
 .debug_ranges  0x000001c8       0x40 src/spi_basic.o
 .debug_ranges  0x00000208       0x88 src/timeout.o
 .debug_ranges  0x00000290       0x68 src/usart_basic.o
 .debug_ranges  0x000002f8       0xc8 winc/bsp/source/nm_bsp_mega.o
 .debug_ranges  0x000003c0       0x78 winc/bus_wrapper/source/nm_bus_wrapper_mega.o
 .debug_ranges  0x00000438       0x40 winc/common/source/nm_common.o
 .debug_ranges  0x00000478       0xc8 winc/driver/source/m2m_hif.o
 .debug_ranges  0x00000540      0x1d8 winc/driver/source/m2m_wifi.o
 .debug_ranges  0x00000718       0xb8 winc/driver/source/nmasic.o
 .debug_ranges  0x000007d0       0x60 winc/driver/source/nmbus.o
 .debug_ranges  0x00000830       0x38 winc/driver/source/nmdrv.o
 .debug_ranges  0x00000868       0xb8 winc/driver/source/nmspi.o
 .debug_ranges  0x00000920      0x110 winc/socket/source/socket.o
 .debug_ranges  0x00000a30       0x88 winc/spi_flash/source/spi_flash.o

.debug_macro
 *(.debug_macro)
OUTPUT(SensorMatrixOne_ATmega4809_v2.elf elf32-avr)
LOAD linker stubs
